Archive member included because of file (symbol)

/usr/local/ps2dev/gsKit/lib/libgskit.a(gsCore.o)
                              gsm.o (gsKit_vram_clear)
/usr/local/ps2dev/gsKit/lib/libgskit.a(gsFontM.o)
                              gsm.o (gsKit_init_fontm)
/usr/local/ps2dev/gsKit/lib/libgskit.a(gsInit.o)
                              gsm.o (gsKit_detect_signal)
/usr/local/ps2dev/gsKit/lib/libgskit.a(gsPrimitive.o)
                              /usr/local/ps2dev/gsKit/lib/libgskit.a(gsCore.o) (gsKit_prim_sprite)
/usr/local/ps2dev/gsKit/lib/libgskit.a(gsTexture.o)
                              /usr/local/ps2dev/gsKit/lib/libgskit.a(gsFontM.o) (gsKit_texture_size)
/usr/local/ps2dev/gsKit/lib/libgskit.a(gsMisc.o)
                              /usr/local/ps2dev/gsKit/lib/libgskit.a(gsTexture.o) (gsKit_setup_tbw)
/usr/local/ps2dev/gsKit/lib/libdmakit.a(dmaCore.o)
                              /usr/local/ps2dev/gsKit/lib/libgskit.a(gsCore.o) (dmaKit_wait_fast)
/usr/local/ps2dev/ps2sdk/ee/lib/libfileXio.a(fileXio_rpc.o)
                              elf.o (fileXioOpen)
/usr/local/ps2dev/ps2sdk/ee/lib/libmc.a(libmc.o)
                              gsm.o (mcInit)
/usr/local/ps2dev/ps2sdk/ee/lib/libpad.a(libpad.o)
                              pad.o (padInit)
/usr/local/ps2dev/ps2sdk/ee/lib/libc.a(memcpy.o)
                              elf.o (memcpy)
/usr/local/ps2dev/ps2sdk/ee/lib/libc.a(memset.o)
                              elf.o (memset)
/usr/local/ps2dev/ps2sdk/ee/lib/libc.a(memcmp.o)
                              elf.o (memcmp)
/usr/local/ps2dev/ps2sdk/ee/lib/libc.a(strcpy.o)
                              elf.o (strcpy)
/usr/local/ps2dev/ps2sdk/ee/lib/libc.a(strncpy.o)
                              /usr/local/ps2dev/ps2sdk/ee/lib/libfileXio.a(fileXio_rpc.o) (strncpy)
/usr/local/ps2dev/ps2sdk/ee/lib/libc.a(strlen.o)
                              elf.o (strlen)
/usr/local/ps2dev/ps2sdk/ee/lib/libc.a(strchr.o)
                              elf.o (strchr)
/usr/local/ps2dev/ps2sdk/ee/lib/libc.a(sprintf.o)
                              elf.o (sprintf)
/usr/local/ps2dev/ps2sdk/ee/lib/libc.a(printf.o)
                              gsm.o (printf)
/usr/local/ps2dev/ps2sdk/ee/lib/libc.a(vprintf.o)
                              /usr/local/ps2dev/ps2sdk/ee/lib/libc.a(printf.o) (vprintf)
/usr/local/ps2dev/ps2sdk/ee/lib/libc.a(malloc.o)
                              /usr/local/ps2dev/gsKit/lib/libgskit.a(gsFontM.o) (malloc)
/usr/local/ps2dev/ps2sdk/ee/lib/libc.a(calloc.o)
                              /usr/local/ps2dev/gsKit/lib/libgskit.a(gsFontM.o) (calloc)
/usr/local/ps2dev/ps2sdk/ee/lib/libc.a(memalign.o)
                              /usr/local/ps2dev/gsKit/lib/libgskit.a(gsFontM.o) (memalign)
/usr/local/ps2dev/ps2sdk/ee/lib/libc.a(free.o)
                              /usr/local/ps2dev/gsKit/lib/libgskit.a(gsFontM.o) (free)
/usr/local/ps2dev/ps2sdk/ee/lib/libc.a(__alloc_internals.o)
                              /usr/local/ps2dev/ps2sdk/ee/lib/libc.a(malloc.o) (_ps2sdk_alloc_lock)
/usr/local/ps2dev/ps2sdk/ee/lib/libc.a(strrchr.o)
                              elf.o (strrchr)
/usr/local/ps2dev/ps2sdk/ee/lib/libc.a(__stdio_internals.o)
                              /usr/local/ps2dev/ps2sdk/ee/lib/libfileXio.a(fileXio_rpc.o) (_ps2sdk_close)
/usr/local/ps2dev/ps2sdk/ee/lib/libc.a(strtol.o)
                              /usr/local/ps2dev/gsKit/lib/libgskit.a(gsFontM.o) (strtol)
/usr/local/ps2dev/ps2sdk/ee/lib/libc.a(init_libc.o)
                              /usr/local/ps2dev/ps2sdk/ee/startup/crt0.o (_ps2sdk_libc_init)
/usr/local/ps2dev/ps2sdk/ee/lib/libc.a(init_args.o)
                              /usr/local/ps2dev/ps2sdk/ee/startup/crt0.o (_ps2sdk_args_parse)
/usr/local/ps2dev/ps2sdk/ee/lib/libc.a(sbrk.o)
                              /usr/local/ps2dev/ps2sdk/ee/lib/libc.a(malloc.o) (ps2_sbrk)
/usr/local/ps2dev/ps2sdk/ee/lib/libc.a(vxprintf.o)
                              /usr/local/ps2dev/ps2sdk/ee/lib/libc.a(sprintf.o) (vxprintf)
/usr/local/ps2dev/ps2sdk/ee/lib/libc.a(__sout.o)
                              /usr/local/ps2dev/ps2sdk/ee/lib/libc.a(sprintf.o) (__sout)
/usr/local/ps2dev/ps2sdk/ee/lib/libc.a(vsnprintf.o)
                              /usr/local/ps2dev/ps2sdk/ee/lib/libc.a(vprintf.o) (vsnprintf)
/usr/local/ps2dev/ps2sdk/ee/lib/libc.a(isupper.o)
                              /usr/local/ps2dev/ps2sdk/ee/lib/libc.a(strtol.o) (isupper)
/usr/local/ps2dev/ps2sdk/ee/lib/libc.a(isalpha.o)
                              /usr/local/ps2dev/ps2sdk/ee/lib/libc.a(strtol.o) (isalpha)
/usr/local/ps2dev/ps2sdk/ee/lib/libc.a(isdigit.o)
                              /usr/local/ps2dev/ps2sdk/ee/lib/libc.a(strtol.o) (isdigit)
/usr/local/ps2dev/ps2sdk/ee/lib/libc.a(isspace.o)
                              /usr/local/ps2dev/ps2sdk/ee/lib/libc.a(strtol.o) (isspace)
/usr/local/ps2dev/ps2sdk/ee/lib/libc.a(fcloseall.o)
                              /usr/local/ps2dev/ps2sdk/ee/lib/libc.a(__stdio_internals.o) (_fcloseall)
[...]
Memory Configuration

Name             Origin             Length             Attributes
*default*        0x0000000000000000 0xffffffffffffffff

Linker script and memory map

LOAD /usr/local/ps2dev/ps2sdk/ee/startup/crt0.o
LOAD iomanx.o
LOAD filexio.o
LOAD ps2fs.o
LOAD fakehost.o
LOAD loader.o
LOAD elf.o
LOAD timer.o
LOAD pad.o
LOAD engine.o
LOAD gsm.o
LOAD /usr/local/ps2dev/gsKit/lib/libgskit.a
LOAD /usr/local/ps2dev/gsKit/lib/libdmakit.a
LOAD /usr/local/ps2dev/ps2sdk/ports/lib/libjpeg.a
LOAD /usr/local/ps2dev/ps2sdk/ee/lib/libfileXio.a
LOAD /usr/local/ps2dev/ps2sdk/ee/lib/libmc.a
LOAD /usr/local/ps2dev/ps2sdk/ee/lib/libpad.a
LOAD /usr/local/ps2dev/ps2sdk/ee/lib/libc.a
LOAD /usr/local/ps2dev/ps2sdk/ee/lib/libkernel.a
LOAD /usr/local/ps2dev/ee/lib/gcc-lib/ee/3.2.2/libgcc.a
LOAD /usr/local/ps2dev/ee/lib/gcc-lib/ee/3.2.2/libgcc.a

.text           0x0000000000100000    0x162d0
                0x0000000000100000                _ftext = .
 *(.text)
 .text          0x0000000000100000      0x1c0 /usr/local/ps2dev/ps2sdk/ee/startup/crt0.o
                0x0000000000100008                _start
                0x0000000000100108                _exit
 .text          0x00000000001001c0      0x448 elf.o
                0x00000000001003e8                RunLoaderElf
                0x00000000001001c0                checkELFheader
 .text          0x0000000000100608      0x168 timer.o
                0x00000000001006a0                Timer
                0x0000000000100710                TimerEnd
                0x0000000000100608                TimerInterrupt
                0x0000000000100638                TimerInit
 .text          0x0000000000100770      0x938 pad.o
                0x0000000000100a68                setupPad
                0x0000000000100ab8                readpad_noKBnoRepeat
                0x0000000000100c28                readpad_no_KB
                0x0000000000101038                readpad
                0x0000000000100770                waitPadReady
                0x0000000000100820                waitAnyPadReady
                0x0000000000101070                readpad_noRepeat
                0x00000000001008d0                setup1Pad
 *fill*         0x00000000001010a8 0x817ba1000000008 00
 .text          0x00000000001010b0     0x13a8 gsm.o
                0x0000000000101110                set_umode
                0x00000000001019a8                Install_GSHandler
                0x0000000000101140                disableClearUserMem
                0x00000000001014f0                Clear_Screen
                0x0000000000101750                Draw_Screen
                0x0000000000101470                Timer_delay
                0x00000000001012f8                KSEG_memcpy
                0x00000000001010b0                get_sr
                0x0000000000101a60                Remove_GSHandler
                0x0000000000101ab0                DisableGSM
                0x0000000000101ad8                gs_setmode
                0x0000000000101230                LoadModules
                0x0000000000101940                Remove_Hook_SetGsCrt
                0x0000000000101af8                main
                0x00000000001015f0                Setup_GS
                0x0000000000101a88                EnableGSM
                0x00000000001011e0                delay
                0x00000000001010c8                set_sr
                0x00000000001014b0                CleanUp
                0x0000000000101450                setSyscall
                0x00000000001018c8                Install_Hook_SetGsCrt
                0x0000000000101360                GetSyscallVectorTableAddress
                0x00000000001017d8                UpdateGSMParams
                0x00000000001010e0                set_kmode
 .text          0x0000000000102458     0x12a0 /usr/local/ps2dev/gsKit/lib/libgskit.a(gsCore.o)
                0x0000000000103238                gsKit_set_drawfield
                0x00000000001026d8                gsKit_unlock_buffer
                0x0000000000102c58                gsKit_set_clamp
                0x0000000000103350                gsKit_set_finish
                0x00000000001027c8                gsKit_get_field
                0x00000000001027e8                gsKit_hsync_wait
                0x0000000000102a90                gsKit_set_test
                0x00000000001026c8                gsKit_lock_buffer
                0x0000000000103610                gsKit_queue_reset
                0x0000000000102458                gsKit_vram_alloc
                0x00000000001027b0                gsKit_vsync_nowait
                0x00000000001026a0                gsKit_finish
                0x0000000000102748                gsKit_switch_context
                0x00000000001024d0                gsKit_vram_clear
                0x0000000000102820                gsKit_add_vsync_handler
                0x00000000001034b8                gsKit_queue_exec_real
                0x0000000000102eb8                gsKit_set_texfilter
                0x0000000000102fa8                gsKit_set_dither_matrix
                0x00000000001024e0                gsKit_sync_flip
                0x00000000001026e0                gsKit_lock_status
                0x00000000001036e0                gsKit_mode_switch
                0x0000000000102598                gsKit_setactive
                0x00000000001028b0                gsKit_clear
                0x0000000000102870                gsKit_remove_vsync_handler
                0x0000000000103130                gsKit_set_dither
                0x0000000000102778                gsKit_vsync_wait
                0x0000000000103660                gsKit_queue_exec
                0x0000000000102dc0                gsKit_set_primalpha
                0x00000000001026f0                gsKit_display_buffer
 .text          0x00000000001036f8     0x1278 /usr/local/ps2dev/gsKit/lib/libgskit.a(gsFontM.o)
                0x0000000000103940                gsKit_fontm_unpack
                0x00000000001036f8                gsKit_init_fontm
                0x0000000000103d58                gsKit_fontm_unpack_raw_1
                0x0000000000103dd8                gsKit_fontm_print_scaled
                0x0000000000103740                gsKit_fontm_upload
                0x0000000000103c30                gsKit_fontm_unpack_raw
 .text          0x0000000000104970      0xda8 /usr/local/ps2dev/gsKit/lib/libgskit.a(gsInit.o)
                0x0000000000104970                gsKit_detect_signal
                0x00000000001049a0                gsKit_set_buffer_attributes
                0x0000000000104bb8                gsKit_init_screen
                0x0000000000105338                gsKit_init_global_custom
                0x0000000000105660                gsKit_deinit_global
 .text          0x0000000000105718     0x2000 /usr/local/ps2dev/gsKit/lib/libgskit.a(gsPrimitive.o)
                0x0000000000105f08                gsKit_prim_line_strip_3d
                0x0000000000106360                gsKit_prim_triangle_3d
                0x0000000000106598                gsKit_prim_triangle_strip
                0x0000000000105718                gsKit_prim_point
                0x0000000000106170                gsKit_prim_sprite
                0x0000000000106a40                gsKit_prim_triangle_fan
                0x0000000000106c80                gsKit_prim_triangle_fan_3d
                0x0000000000106ee8                gsKit_prim_triangle_gouraud_3d
                0x00000000001058b8                gsKit_prim_line_3d
                0x00000000001067d8                gsKit_prim_triangle_strip_3d
                0x0000000000105cc8                gsKit_prim_line_strip
                0x0000000000107170                gsKit_prim_quad_3d
                0x0000000000107428                gsKit_prim_quad_gouraud_3d
                0x0000000000105ab8                gsKit_prim_line_goraud_3d
 .text          0x0000000000107718     0x37c0 /usr/local/ps2dev/gsKit/lib/libgskit.a(gsTexture.o)
                0x000000000010a028                gsKit_prim_triangle_fan_texture_3d
                0x0000000000108f98                gsKit_prim_triangle_goraud_texture_3d
                0x0000000000109c48                gsKit_prim_triangle_fan_texture
                0x000000000010a970                gsKit_prim_quad_goraud_texture_3d
                0x0000000000108af0                gsKit_prim_triangle_texture_3d
                0x00000000001077a8                gsKit_texture_size
                0x0000000000109840                gsKit_prim_triangle_strip_texture_3d
                0x000000000010a430                gsKit_prim_quad_texture_3d
                0x0000000000107868                gsKit_texture_send
                0x0000000000108448                gsKit_prim_sprite_striped_texture_3d
                0x0000000000109460                gsKit_prim_triangle_strip_texture
                0x0000000000107718                gsKit_texture_size_ee
                0x0000000000107f38                gsKit_texture_upload
                0x0000000000108010                gsKit_prim_sprite_texture_3d
                0x0000000000107b50                gsKit_texture_send_inline
 .text          0x000000000010aed8       0x60 /usr/local/ps2dev/gsKit/lib/libgskit.a(gsMisc.o)
                0x000000000010af30                gsKit_vram_dump
                0x000000000010aed8                gsKit_setup_tbw
 .text          0x000000000010af38      0x540 /usr/local/ps2dev/gsKit/lib/libdmakit.a(dmaCore.o)
                0x000000000010af38                dmaKit_wait
                0x000000000010b348                dmaKit_send_chain_spr
                0x000000000010b2b8                dmaKit_send_chain_ucab
                0x000000000010b010                dmaKit_send
                0x000000000010b0d8                dmaKit_send_ucab
                0x000000000010b3d8                dmaKit_get_spr
                0x000000000010afd0                dmaKit_wait_fast
                0x000000000010b168                dmaKit_send_spr
                0x000000000010b1f8                dmaKit_send_chain
 .text          0x000000000010b478     0x2138 /usr/local/ps2dev/ps2sdk/ee/lib/libfileXio.a(fileXio_rpc.o)
                0x000000000010be88                fileXioRename
                0x000000000010bbc0                fileXioMkdir
                0x000000000010d570                _lock
                0x000000000010c088                fileXioReadlink
                0x000000000010cfe8                fileXioDread
                0x000000000010cd38                fileXioSync
                0x000000000010bcb8                fileXioRmdir
                0x000000000010c3a0                fileXioClose
                0x000000000010cf18                fileXioDclose
                0x000000000010ce30                fileXioDopen
                0x000000000010c298                fileXioOpen
                0x000000000010d560                fileXioSetBlockMode
                0x000000000010b498                _fxio_intr
                0x000000000010d158                fileXioDevctl
                0x000000000010c1b0                fileXioChdir
                0x000000000010cae0                fileXioGetStat
                0x000000000010d4b0                fileXioWaitAsync
                0x000000000010d308                fileXioIoctl2
                0x000000000010b9c8                fileXioUmount
                0x000000000010c9b8                fileXioChStat
                0x000000000010b4b8                fileXioInit
                0x000000000010c7a0                fileXioLseek
                0x000000000010cbf8                fileXioFormat
                0x000000000010b8b8                fileXioMount
                0x000000000010b6c0                fileXioGetDeviceList
                0x000000000010c898                fileXioLseek64
                0x000000000010c650                fileXioWrite
                0x000000000010b670                fileXioStop
                0x000000000010bda0                fileXioRemove
                0x000000000010d590                _unlock
                0x000000000010bab0                fileXioCopyfile
                0x000000000010c508                fileXioRead
                0x000000000010b7a0                fileXioGetdir
                0x000000000010bf88                fileXioSymlink
 .text          0x000000000010d5b0     0x1368 /usr/local/ps2dev/ps2sdk/ee/lib/libmc.a(libmc.o)
                0x000000000010dec8                mcFlush
                0x000000000010db10                mcClose
                0x000000000010d8f0                mcGetInfo
                0x000000000010e900                mcReset
                0x000000000010e760                mcChangeThreadPriority
                0x000000000010e3d8                mcFormat
                0x000000000010e498                mcUnformat
                0x000000000010d750                mcInit
                0x000000000010dbc8                mcSeek
                0x000000000010e640                mcRename
                0x000000000010e2f8                mcDelete
                0x000000000010e558                mcGetEntSpace
                0x000000000010e810                mcSync
                0x000000000010dc90                mcRead
                0x000000000010dfb0                mcChdir
                0x000000000010dd88                mcWrite
                0x000000000010e1c8                mcSetFileInfo
                0x000000000010da30                mcOpen
                0x000000000010df80                mcMkDir
                0x000000000010e0b8                mcGetDir
 .text          0x000000000010e918      0xc88 /usr/local/ps2dev/ps2sdk/ee/lib/libpad.a(libpad.o)
                0x000000000010f1d0                padEnterPressMode
                0x000000000010f210                padGetButtonMask
                0x000000000010f410                padSetActAlign
                0x000000000010f1f0                padExitPressMode
                0x000000000010f020                padInfoMode
                0x000000000010e9a0                padInit
                0x000000000010f598                padGetConnection
                0x000000000010eee8                padReqStateInt2String
                0x000000000010f4f0                padSetActDirect
                0x000000000010f1a0                padInfoPressMode
                0x000000000010ee70                padSetReqState
                0x000000000010eea0                padStateInt2String
                0x000000000010eba0                padPortOpen
                0x000000000010f348                padInfoAct
                0x000000000010f0e0                padSetMainMode
                0x000000000010f290                padSetButtonInfo
                0x000000000010ecd8                padPortClose
                0x000000000010e980                padReset
                0x000000000010ed90                padRead
                0x000000000010eb20                padEnd
                0x000000000010ef30                padGetPortMax
                0x000000000010edd8                padGetState
                0x000000000010efa0                padGetSlotMax
                0x000000000010f018                padGetModVersion
                0x000000000010ee50                padGetReqState
 .text          0x000000000010f5a0       0xac /usr/local/ps2dev/ps2sdk/ee/lib/libc.a(memcpy.o)
                0x000000000010f5a0                memcpy
 .text          0x000000000010f64c       0xac /usr/local/ps2dev/ps2sdk/ee/lib/libc.a(memset.o)
                0x000000000010f64c                memset
 .text          0x000000000010f6f8       0x94 /usr/local/ps2dev/ps2sdk/ee/lib/libc.a(memcmp.o)
                0x000000000010f6f8                memcmp
 .text          0x000000000010f78c      0x110 /usr/local/ps2dev/ps2sdk/ee/lib/libc.a(strcpy.o)
                0x000000000010f78c                strcpy
 *fill*         0x000000000010f89c 0x817ba1000000004 00
 .text          0x000000000010f8a0      0x1b8 /usr/local/ps2dev/ps2sdk/ee/lib/libc.a(strncpy.o)
                0x000000000010f8a0                strncpy
 .text          0x000000000010fa58      0x138 /usr/local/ps2dev/ps2sdk/ee/lib/libc.a(strlen.o)
                0x000000000010fa58                strlen
 .text          0x000000000010fb90      0x190 /usr/local/ps2dev/ps2sdk/ee/lib/libc.a(strchr.o)
                0x000000000010fb90                strchr
 .text          0x000000000010fd20       0x60 /usr/local/ps2dev/ps2sdk/ee/lib/libc.a(sprintf.o)
                0x000000000010fd20                sprintf
 .text          0x000000000010fd80       0x48 /usr/local/ps2dev/ps2sdk/ee/lib/libc.a(printf.o)
                0x000000000010fd80                printf
 .text          0x000000000010fdc8       0x58 /usr/local/ps2dev/ps2sdk/ee/lib/libc.a(vprintf.o)
                0x000000000010fdc8                vprintf
 .text          0x000000000010fe20      0x1f0 /usr/local/ps2dev/ps2sdk/ee/lib/libc.a(malloc.o)
                0x000000000010fe60                malloc
                0x000000000010fe20                _heap_mem_fit
 .text          0x0000000000110010       0x50 /usr/local/ps2dev/ps2sdk/ee/lib/libc.a(calloc.o)
                0x0000000000110010                calloc
 .text          0x0000000000110060      0x148 /usr/local/ps2dev/ps2sdk/ee/lib/libc.a(memalign.o)
                0x0000000000110060                memalign
 .text          0x00000000001101a8       0xf8 /usr/local/ps2dev/ps2sdk/ee/lib/libc.a(free.o)
                0x00000000001101a8                free
 .text          0x00000000001102a0       0xc0 /usr/local/ps2dev/ps2sdk/ee/lib/libc.a(__alloc_internals.o)
                0x00000000001102d0                _ps2sdk_alloc_deinit
                0x00000000001102a0                _ps2sdk_alloc_init
                0x0000000000110300                _ps2sdk_alloc_lock
                0x0000000000110330                _ps2sdk_alloc_unlock
 .text          0x0000000000110360       0x58 /usr/local/ps2dev/ps2sdk/ee/lib/libc.a(strrchr.o)
                0x0000000000110360                strrchr
 .text          0x00000000001103b8       0xc0 /usr/local/ps2dev/ps2sdk/ee/lib/libc.a(__stdio_internals.o)
                0x00000000001103f8                fioRename
                0x0000000000110400                _ps2sdk_stdio_init
                0x00000000001103b8                fioRemove_Helper
                0x0000000000110450                _ps2sdk_stdio_deinit
 .text          0x0000000000110478      0x238 /usr/local/ps2dev/ps2sdk/ee/lib/libc.a(strtol.o)
                0x0000000000110478                strtol
 .text          0x00000000001106b0       0x70 /usr/local/ps2dev/ps2sdk/ee/lib/libc.a(init_libc.o)
                0x00000000001106e8                _ps2sdk_libc_deinit
                0x00000000001106b0                _ps2sdk_libc_init
 .text          0x0000000000110720       0xb0 /usr/local/ps2dev/ps2sdk/ee/lib/libc.a(init_args.o)
                0x0000000000110720                _ps2sdk_args_parse
 .text          0x00000000001107d0       0x68 /usr/local/ps2dev/ps2sdk/ee/lib/libc.a(sbrk.o)
                0x00000000001107d0                ps2_sbrk
 .text          0x0000000000110838     0x1030 /usr/local/ps2dev/ps2sdk/ee/lib/libc.a(vxprintf.o)
                0x00000000001108c8                vxprintf
 .text          0x0000000000111868       0x88 /usr/local/ps2dev/ps2sdk/ee/lib/libc.a(__sout.o)
                0x0000000000111868                __sout
 .text          0x00000000001118f0       0x40 /usr/local/ps2dev/ps2sdk/ee/lib/libc.a(vsnprintf.o)
                0x00000000001118f0                vsnprintf
 .text          0x0000000000111930       0x18 /usr/local/ps2dev/ps2sdk/ee/lib/libc.a(isupper.o)
                0x0000000000111930                isupper
 .text          0x0000000000111948       0x50 /usr/local/ps2dev/ps2sdk/ee/lib/libc.a(isalpha.o)
                0x0000000000111948                isalpha
 .text          0x0000000000111998       0x18 /usr/local/ps2dev/ps2sdk/ee/lib/libc.a(isdigit.o)
                0x0000000000111998                isdigit
 .text          0x00000000001119b0       0x20 /usr/local/ps2dev/ps2sdk/ee/lib/libc.a(isspace.o)
                0x00000000001119b0                isspace
 .text          0x00000000001119d0       0x78 /usr/local/ps2dev/ps2sdk/ee/lib/libc.a(fcloseall.o)
                0x00000000001119d0                _fcloseall
 .text          0x0000000000111a48       0x28 /usr/local/ps2dev/ps2sdk/ee/lib/libc.a(chdir.o)
                0x0000000000111a48                chdir
 .text          0x0000000000111a70       0x68 /usr/local/ps2dev/ps2sdk/ee/lib/libc.a(__stdlib_internals.o)
                0x0000000000111a78                _ps2sdk_stdlib_deinit
                0x0000000000111a70                _ps2sdk_stdlib_init
 .text          0x0000000000111ad8      0x158 /usr/local/ps2dev/ps2sdk/ee/lib/libc.a(clock.o)
                0x0000000000111b08                _ps2sdk_time_init
                0x0000000000111b90                _ps2sdk_time_deinit
                0x0000000000111c18                time
                0x0000000000111bf0                clock
 .text          0x0000000000111c30       0x18 /usr/local/ps2dev/ps2sdk/ee/lib/libc.a(islower.o)
                0x0000000000111c30                islower
 .text          0x0000000000111c48       0xa8 /usr/local/ps2dev/ps2sdk/ee/lib/libc.a(fclose.o)
                0x0000000000111c48                fclose
 .text          0x0000000000111cf0       0xa0 /usr/local/ps2dev/ps2sdk/ee/lib/libc.a(getfdtype.o)
                0x0000000000111cf0                __stdio_get_fd_type
 .text          0x0000000000111d90      0x1b8 /usr/local/ps2dev/ps2sdk/ee/lib/libc.a(strncmp.o)
                0x0000000000111d90                strncmp
 *fill*         0x0000000000111f48 0x817ba1000000008 00
 .text          0x0000000000111f50       0x10 /usr/local/ps2dev/ps2sdk/ee/lib/libkernel.a(SetGsCrt.o)
                0x0000000000111f50                SetGsCrt
 .text          0x0000000000111f60       0x10 /usr/local/ps2dev/ps2sdk/ee/lib/libkernel.a(ExecPS2.o)
                0x0000000000111f60                ExecPS2
 .text          0x0000000000111f70       0x10 /usr/local/ps2dev/ps2sdk/ee/lib/libkernel.a(AddIntcHandler.o)
                0x0000000000111f70                AddIntcHandler
 .text          0x0000000000111f80       0x10 /usr/local/ps2dev/ps2sdk/ee/lib/libkernel.a(RemoveIntcHandler.o)
                0x0000000000111f80                RemoveIntcHandler
 .text          0x0000000000111f90       0x10 /usr/local/ps2dev/ps2sdk/ee/lib/libkernel.a(SleepThread.o)
                0x0000000000111f90                SleepThread
 .text          0x0000000000111fa0       0x10 /usr/local/ps2dev/ps2sdk/ee/lib/libkernel.a(EndOfHeap.o)
                0x0000000000111fa0                EndOfHeap
 .text          0x0000000000111fb0       0x10 /usr/local/ps2dev/ps2sdk/ee/lib/libkernel.a(CreateSema.o)
                0x0000000000111fb0                CreateSema
 .text          0x0000000000111fc0       0x10 /usr/local/ps2dev/ps2sdk/ee/lib/libkernel.a(DeleteSema.o)
                0x0000000000111fc0                DeleteSema
 .text          0x0000000000111fd0       0x10 /usr/local/ps2dev/ps2sdk/ee/lib/libkernel.a(iSignalSema.o)
                0x0000000000111fd0                iSignalSema
 .text          0x0000000000111fe0       0x10 /usr/local/ps2dev/ps2sdk/ee/lib/libkernel.a(SignalSema.o)
                0x0000000000111fe0                SignalSema
 .text          0x0000000000111ff0       0x10 /usr/local/ps2dev/ps2sdk/ee/lib/libkernel.a(WaitSema.o)
                0x0000000000111ff0                WaitSema
 .text          0x0000000000112000       0x10 /usr/local/ps2dev/ps2sdk/ee/lib/libkernel.a(PollSema.o)
                0x0000000000112000                PollSema
 .text          0x0000000000112010       0x10 /usr/local/ps2dev/ps2sdk/ee/lib/libkernel.a(FlushCache.o)
                0x0000000000112010                FlushCache
 .text          0x0000000000112020       0x10 /usr/local/ps2dev/ps2sdk/ee/lib/libkernel.a(GsPutIMR.o)
                0x0000000000112020                GsPutIMR
 .text          0x0000000000112030       0x10 /usr/local/ps2dev/ps2sdk/ee/lib/libkernel.a(SetSyscall.o)
                0x0000000000112030                SetSyscall
 .text          0x0000000000112040       0xb0 /usr/local/ps2dev/ps2sdk/ee/lib/libkernel.a(SifWriteBackDCache.o)
                0x0000000000112040                SifWriteBackDCache
 .text          0x00000000001120f0      0x128 /usr/local/ps2dev/ps2sdk/ee/lib/libkernel.a(SifBindRpc.o)
                0x00000000001120f0                SifBindRpc
 .text          0x0000000000112218      0x1b8 /usr/local/ps2dev/ps2sdk/ee/lib/libkernel.a(SifCallRpc.o)
                0x0000000000112218                SifCallRpc
 .text          0x00000000001123d0      0x448 /usr/local/ps2dev/ps2sdk/ee/lib/libkernel.a(SifRpcMain.o)
                0x0000000000112688                SifInitRpc
                0x00000000001127f0                SifExitRpc
 .text          0x0000000000112818       0xc0 /usr/local/ps2dev/ps2sdk/ee/lib/libkernel.a(_rpc_get_packet.o)
                0x0000000000112818                _rpc_get_packet
 .text          0x00000000001128d8       0x30 /usr/local/ps2dev/ps2sdk/ee/lib/libkernel.a(_rpc_get_fpacket.o)
                0x00000000001128d8                _rpc_get_fpacket
 .text          0x0000000000112908       0x30 /usr/local/ps2dev/ps2sdk/ee/lib/libkernel.a(SifCheckStatRpc.o)
                0x0000000000112908                SifCheckStatRpc
 .text          0x0000000000112938       0x30 /usr/local/ps2dev/ps2sdk/ee/lib/libkernel.a(fio_exit.o)
                0x0000000000112938                fioExit
 .text          0x0000000000112968       0xc8 /usr/local/ps2dev/ps2sdk/ee/lib/libkernel.a(fio_open.o)
                0x0000000000112968                fioOpen
 .text          0x0000000000112a30       0x80 /usr/local/ps2dev/ps2sdk/ee/lib/libkernel.a(fio_close.o)
                0x0000000000112a30                fioClose
 .text          0x0000000000112ab0      0x118 /usr/local/ps2dev/ps2sdk/ee/lib/libkernel.a(fio_read.o)
                0x0000000000112ab0                fioRead
 .text          0x0000000000112bc8      0x110 /usr/local/ps2dev/ps2sdk/ee/lib/libkernel.a(fio_write.o)
                0x0000000000112bc8                fioWrite
 .text          0x0000000000112cd8       0xa0 /usr/local/ps2dev/ps2sdk/ee/lib/libkernel.a(fio_lseek.o)
                0x0000000000112cd8                fioLseek
 .text          0x0000000000112d78       0x88 /usr/local/ps2dev/ps2sdk/ee/lib/libkernel.a(_fio_read_intr.o)
                0x0000000000112d78                _fio_read_intr
 .text          0x0000000000112e00       0x90 /usr/local/ps2dev/ps2sdk/ee/lib/libkernel.a(fio_remove.o)
                0x0000000000112e00                fioRemove
 .text          0x0000000000112e90       0x90 /usr/local/ps2dev/ps2sdk/ee/lib/libkernel.a(fio_rmdir.o)
                0x0000000000112e90                fioRmdir
 .text          0x0000000000112f20       0x28 /usr/local/ps2dev/ps2sdk/ee/lib/libkernel.a(SifLoadModule.o)
                0x0000000000112f20                SifLoadModule
 .text          0x0000000000112f48       0xe0 /usr/local/ps2dev/ps2sdk/ee/lib/libkernel.a(SifExecModuleBuffer.o)
                0x0000000000112f48                SifExecModuleBuffer
 .text          0x0000000000113028       0x70 /usr/local/ps2dev/ps2sdk/ee/lib/libkernel.a(SifAllocIopHeap.o)
                0x0000000000113028                SifAllocIopHeap
 .text          0x0000000000113098       0x78 /usr/local/ps2dev/ps2sdk/ee/lib/libkernel.a(SifFreeIopHeap.o)
                0x0000000000113098                SifFreeIopHeap
 .text          0x0000000000113110       0x60 /usr/local/ps2dev/ps2sdk/ee/lib/libkernel.a(GetRomName.o)
                0x0000000000113110                GetRomName
 .text          0x0000000000113170       0x48 /usr/local/ps2dev/ps2sdk/ee/lib/libkernel.a(configGetTvScreenType.o)
                0x0000000000113170                configGetTvScreenType
 .text          0x00000000001131b8       0x50 /usr/local/ps2dev/ps2sdk/ee/lib/libkernel.a(DIntr.o)
                0x00000000001131b8                DIntr
 .text          0x0000000000113208       0x18 /usr/local/ps2dev/ps2sdk/ee/lib/libkernel.a(EIntr.o)
                0x0000000000113208                EIntr
 .text          0x0000000000113220       0x78 /usr/local/ps2dev/ps2sdk/ee/lib/libkernel.a(EnableIntc.o)
                0x0000000000113220                EnableIntc
 .text          0x0000000000113298       0x78 /usr/local/ps2dev/ps2sdk/ee/lib/libkernel.a(DisableIntc.o)
                0x0000000000113298                DisableIntc
 .text          0x0000000000113310       0x80 /usr/local/ps2dev/ps2sdk/ee/lib/libkernel.a(SyncDCache.o)
                0x0000000000113310                SyncDCache
 .text          0x0000000000113390      0x160 /usr/local/ps2dev/ps2sdk/ee/lib/libkernel.a(GetSyscallHandler.o)
                0x0000000000113428                GetSyscallHandler
 .text          0x00000000001134f0       0x10 /usr/local/ps2dev/ps2sdk/ee/lib/libkernel.a(_EnableIntc.o)
                0x00000000001134f0                _EnableIntc
 .text          0x0000000000113500       0x10 /usr/local/ps2dev/ps2sdk/ee/lib/libkernel.a(_DisableIntc.o)
                0x0000000000113500                _DisableIntc
 .text          0x0000000000113510       0x10 /usr/local/ps2dev/ps2sdk/ee/lib/libkernel.a(iWakeupThread.o)
                0x0000000000113510                iWakeupThread
 .text          0x0000000000113520       0x10 /usr/local/ps2dev/ps2sdk/ee/lib/libkernel.a(GetOsdConfigParam.o)
                0x0000000000113520                GetOsdConfigParam
 .text          0x0000000000113530       0x10 /usr/local/ps2dev/ps2sdk/ee/lib/libkernel.a(SifDmaStat.o)
                0x0000000000113530                SifDmaStat
 .text          0x0000000000113540       0x10 /usr/local/ps2dev/ps2sdk/ee/lib/libkernel.a(SifSetDma.o)
                0x0000000000113540                SifSetDma
 .text          0x0000000000113550       0x10 /usr/local/ps2dev/ps2sdk/ee/lib/libkernel.a(SifSetReg.o)
                0x0000000000113550                SifSetReg
 .text          0x0000000000113560       0x10 /usr/local/ps2dev/ps2sdk/ee/lib/libkernel.a(SifGetReg.o)
                0x0000000000113560                SifGetReg
 .text          0x0000000000113570       0xa8 /usr/local/ps2dev/ps2sdk/ee/lib/libkernel.a(_SyncDCache.o)
                0x0000000000113570                _SyncDCache
 .text          0x0000000000113618      0x1b0 /usr/local/ps2dev/ps2sdk/ee/lib/libkernel.a(sif_cmd_send.o)
                0x0000000000113748                SifSendCmd
                0x0000000000113788                iSifSendCmd
 .text          0x00000000001137c8      0x2d0 /usr/local/ps2dev/ps2sdk/ee/lib/libkernel.a(sif_cmd_main.o)
                0x00000000001137f8                SifInitCmd
                0x0000000000113a60                SifExitCmd
 .text          0x0000000000113a98       0x38 /usr/local/ps2dev/ps2sdk/ee/lib/libkernel.a(sif_cmd_addhandler.o)
                0x0000000000113a98                SifAddCmdHandler
 .text          0x0000000000113ad0       0x18 /usr/local/ps2dev/ps2sdk/ee/lib/libkernel.a(sif_sreg_get.o)
                0x0000000000113ad0                SifGetSreg
 .text          0x0000000000113ae8      0x140 /usr/local/ps2dev/ps2sdk/ee/lib/libkernel.a(fio_init.o)
                0x0000000000113ae8                fioInit
 .text          0x0000000000113c28       0x20 /usr/local/ps2dev/ps2sdk/ee/lib/libkernel.a(_fio_intr.o)
                0x0000000000113c28                _fio_intr
 .text          0x0000000000113c48      0x108 /usr/local/ps2dev/ps2sdk/ee/lib/libkernel.a(_SifLoadModule.o)
                0x0000000000113c48                _SifLoadModule
 .text          0x0000000000113d50       0xf0 /usr/local/ps2dev/ps2sdk/ee/lib/libkernel.a(_SifLoadModuleBuffer.o)
                0x0000000000113d50                _SifLoadModuleBuffer
 .text          0x0000000000113e40      0x108 /usr/local/ps2dev/ps2sdk/ee/lib/libkernel.a(SifInitIopHeap.o)
                0x0000000000113e40                SifInitIopHeap
 .text          0x0000000000113f48       0x50 /usr/local/ps2dev/ps2sdk/ee/lib/libkernel.a(IsT10K.o)
                0x0000000000113f48                IsT10K
 .text          0x0000000000113f98       0x78 /usr/local/ps2dev/ps2sdk/ee/lib/libkernel.a(EnableDmac.o)
                0x0000000000113f98                EnableDmac
 .text          0x0000000000114010       0x78 /usr/local/ps2dev/ps2sdk/ee/lib/libkernel.a(DisableDmac.o)
                0x0000000000114010                DisableDmac
 *fill*         0x0000000000114088 0x817ba1000000008 00
 .text          0x0000000000114090       0x10 /usr/local/ps2dev/ps2sdk/ee/lib/libkernel.a(AddDmacHandler.o)
                0x0000000000114090                AddDmacHandler
 .text          0x00000000001140a0       0x10 /usr/local/ps2dev/ps2sdk/ee/lib/libkernel.a(RemoveDmacHandler.o)
                0x00000000001140a0                RemoveDmacHandler
 .text          0x00000000001140b0       0x10 /usr/local/ps2dev/ps2sdk/ee/lib/libkernel.a(_EnableDmac.o)
                0x00000000001140b0                _EnableDmac
 .text          0x00000000001140c0       0x10 /usr/local/ps2dev/ps2sdk/ee/lib/libkernel.a(_DisableDmac.o)
                0x00000000001140c0                _DisableDmac
 .text          0x00000000001140d0       0x10 /usr/local/ps2dev/ps2sdk/ee/lib/libkernel.a(iSifSetDma.o)
                0x00000000001140d0                iSifSetDma
 .text          0x00000000001140e0       0x10 /usr/local/ps2dev/ps2sdk/ee/lib/libkernel.a(SifSetDChain.o)
                0x00000000001140e0                SifSetDChain
 .text          0x00000000001140f0       0xe0 /usr/local/ps2dev/ps2sdk/ee/lib/libkernel.a(_sif_cmd_int_handler.o)
                0x00000000001140f0                _SifCmdIntHandler
 .text          0x00000000001141d0      0x100 /usr/local/ps2dev/ps2sdk/ee/lib/libkernel.a(SifLoadFileInit.o)
                0x00000000001141d0                SifLoadFileInit
 .text          0x00000000001142d0       0x10 /usr/local/ps2dev/ps2sdk/ee/lib/libkernel.a(iSifSetDChain.o)
                0x00000000001142d0                iSifSetDChain
 .text          0x00000000001142e0       0x78 /usr/local/ps2dev/ee/lib/gcc-lib/ee/3.2.2/libgcc.a(_muldi3.o)
                0x00000000001142e0                __muldi3
 .text          0x0000000000114358      0x100 /usr/local/ps2dev/ee/lib/gcc-lib/ee/3.2.2/libgcc.a(_floatdisf.o)
                0x0000000000114358                __floatdisf
 .text          0x0000000000114458      0x130 /usr/local/ps2dev/ee/lib/gcc-lib/ee/3.2.2/libgcc.a(_fixunssfdi.o)
                0x0000000000114458                __fixunssfdi
 .text          0x0000000000114588      0x6c8 /usr/local/ps2dev/ee/lib/gcc-lib/ee/3.2.2/libgcc.a(_udivdi3.o)
                0x0000000000114588                __udivdi3
 .text          0x0000000000114c50      0x6c8 /usr/local/ps2dev/ee/lib/gcc-lib/ee/3.2.2/libgcc.a(_umoddi3.o)
                0x0000000000114c50                __umoddi3
 .text          0x0000000000115318       0x40 /usr/local/ps2dev/ee/lib/gcc-lib/ee/3.2.2/libgcc.a(_sf_to_df.o)
                0x0000000000115318                fptodp
 .text          0x0000000000115358      0x308 /usr/local/ps2dev/ee/lib/gcc-lib/ee/3.2.2/libgcc.a(_addsub_df.o)
                0x00000000001155f0                dpsub
                0x0000000000115590                dpadd
 .text          0x0000000000115660      0x2d0 /usr/local/ps2dev/ee/lib/gcc-lib/ee/3.2.2/libgcc.a(_mul_df.o)
                0x0000000000115660                dpmul
 .text          0x0000000000115930       0x58 /usr/local/ps2dev/ee/lib/gcc-lib/ee/3.2.2/libgcc.a(_compare_df.o)
                0x0000000000115930                dpcmp
 .text          0x0000000000115988       0xc0 /usr/local/ps2dev/ee/lib/gcc-lib/ee/3.2.2/libgcc.a(_si_to_df.o)
                0x0000000000115988                litodp
 .text          0x0000000000115a48       0xa0 /usr/local/ps2dev/ee/lib/gcc-lib/ee/3.2.2/libgcc.a(_df_to_si.o)
                0x0000000000115a48                dptoli
 .text          0x0000000000115ae8       0x30 /usr/local/ps2dev/ee/lib/gcc-lib/ee/3.2.2/libgcc.a(_make_df.o)
                0x0000000000115ae8                __make_dp
 .text          0x0000000000115b18       0x58 /usr/local/ps2dev/ee/lib/gcc-lib/ee/3.2.2/libgcc.a(_df_to_sf.o)
                0x0000000000115b18                dptofp
 .text          0x0000000000115b70       0xa8 /usr/local/ps2dev/ee/lib/gcc-lib/ee/3.2.2/libgcc.a(_df_to_usi.o)
                0x0000000000115b70                dptoul
 .text          0x0000000000115c18       0xb8 /usr/local/ps2dev/ee/lib/gcc-lib/ee/3.2.2/libgcc.a(_floatdidf.o)
                0x0000000000115c18                __floatdidf
 .text          0x0000000000115cd0       0xe0 /usr/local/ps2dev/ee/lib/gcc-lib/ee/3.2.2/libgcc.a(_unpack_sf.o)
                0x0000000000115cd0                __unpack_f
 .text          0x0000000000115db0       0x30 /usr/local/ps2dev/ee/lib/gcc-lib/ee/3.2.2/libgcc.a(_make_sf.o)
                0x0000000000115db0                __make_fp
 .text          0x0000000000115de0      0x190 /usr/local/ps2dev/ee/lib/gcc-lib/ee/3.2.2/libgcc.a(_pack_df.o)
                0x0000000000115de0                __pack_d
 .text          0x0000000000115f70       0xe8 /usr/local/ps2dev/ee/lib/gcc-lib/ee/3.2.2/libgcc.a(_unpack_df.o)
                0x0000000000115f70                __unpack_d
 .text          0x0000000000116058      0x108 /usr/local/ps2dev/ee/lib/gcc-lib/ee/3.2.2/libgcc.a(_fpcmp_parts_df.o)
                0x0000000000116058                __fpcmp_parts_d
 .text          0x0000000000116160      0x160 /usr/local/ps2dev/ee/lib/gcc-lib/ee/3.2.2/libgcc.a(_pack_sf.o)
                0x0000000000116160                __pack_f
 *(.text.*)
 *(.gnu.linkonce.t*)
 *(.init)
 *(.fini)
                0x00000000001162c0        0x8 QUAD 0x0
                0x00000000001162c8                _ftext = .
 *(.text)
 *(.text.*)
 *(.gnu.linkonce.t*)
 *(.init)
 *(.fini)
                0x00000000001162c8        0x8 QUAD 0x0
                0x00000000001162d0                PROVIDE (_etext, .)
                0x00000000001162d0                PROVIDE (etext, .)

.reginfo        0x00000000001162d0       0x18
 *(.reginfo)
 .reginfo       0x00000000001162d0       0x18 /usr/local/ps2dev/ps2sdk/ee/startup/crt0.o
 *(.reginfo)

.ctors
 *crtbegin*.o(.ctors)
 *(EXCLUDE_FILE(*crtend*.o) .ctors)
 *(SORT(.ctors.*))
 *(.ctors)
 *crtbegin*.o(.ctors)
 *(EXCLUDE_FILE(*crtend*.o) .ctors)
 *(SORT(.ctors.*))
 *(.ctors)

.dtors
 *crtbegin*.o(.dtors)
 *(EXCLUDE_FILE(*crtend*.o) .dtors)
 *(SORT(.dtors.*))
 *(.dtors)
 *crtbegin*.o(.dtors)
 *(EXCLUDE_FILE(*crtend*.o) .dtors)
 *(SORT(.dtors.*))
 *(.dtors)

.rodata         0x0000000000116300      0xb60
 *(.rodata)
 .rodata        0x0000000000116300       0x40 elf.o
 .rodata        0x0000000000116340      0x270 gsm.o
 .rodata        0x00000000001165b0       0x30 /usr/local/ps2dev/gsKit/lib/libgskit.a(gsCore.o)
 .rodata        0x00000000001165e0      0x180 /usr/local/ps2dev/gsKit/lib/libgskit.a(gsFontM.o)
 .rodata        0x0000000000116760      0x160 /usr/local/ps2dev/gsKit/lib/libgskit.a(gsInit.o)
 .rodata        0x00000000001168c0       0xc8 /usr/local/ps2dev/gsKit/lib/libgskit.a(gsTexture.o)
 .rodata        0x0000000000116988       0x88 /usr/local/ps2dev/gsKit/lib/libdmakit.a(dmaCore.o)
 .rodata        0x0000000000116a10       0x88 /usr/local/ps2dev/ps2sdk/ee/lib/libmc.a(libmc.o)
 .rodata        0x0000000000116a98       0xb0 /usr/local/ps2dev/ps2sdk/ee/lib/libpad.a(libpad.o)
 .rodata        0x0000000000116b48        0x8 /usr/local/ps2dev/ps2sdk/ee/lib/libc.a(init_args.o)
 .rodata        0x0000000000116b50      0x188 /usr/local/ps2dev/ps2sdk/ee/lib/libc.a(vxprintf.o)
 .rodata        0x0000000000116cd8       0x60 /usr/local/ps2dev/ps2sdk/ee/lib/libc.a(getfdtype.o)
 .rodata        0x0000000000116d38       0x10 /usr/local/ps2dev/ps2sdk/ee/lib/libkernel.a(GetRomName.o)
 .rodata        0x0000000000116d48       0x18 /usr/local/ps2dev/ee/lib/gcc-lib/ee/3.2.2/libgcc.a(_thenan_df.o)
                0x0000000000116d48                __thenan_df
 .rodata        0x0000000000116d60      0x100 /usr/local/ps2dev/ee/lib/gcc-lib/ee/3.2.2/libgcc.a(_clz.o)
                0x0000000000116d60                __clz_tab
 *(.rodata.*)
 *(.gnu.linkonce.r*)
 *(.rodata)
 *(.rodata.*)
 *(.gnu.linkonce.r*)

.rel.dyn

.data           0x0000000000116e80    0x1a0f8
                0x0000000000116e80                _fdata = .
 *(.data)
 .data          0x0000000000116e80     0x1da0 iomanx.o
                0x0000000000116e80                iomanx_irx
 .data          0x0000000000118c20     0x1fa0 filexio.o
                0x0000000000118c20                filexio_irx
 .data          0x000000000011abc0     0xd610 ps2fs.o
                0x000000000011abc0                ps2fs_irx
 .data          0x00000000001281d0      0xd00 fakehost.o
                0x00000000001281d0                fakehost_irx
 .data          0x0000000000128ed0     0x6e40 loader.o
                0x0000000000128ed0                loader_elf
 .data          0x000000000012fd10       0x10 timer.o
 .data          0x000000000012fd20       0x40 pad.o
                0x000000000012fd3c                joy_value
                0x000000000012fd30                old_pad_t
                0x000000000012fd20                padtype_t
                0x000000000012fd28                old_pad
                0x000000000012fd38                joy_flags
 .data          0x000000000012fd60      0x708 gsm.o
                0x000000000012fdcc                RedTrans
                0x000000000012fdc8                BlueTrans
                0x000000000012fd88                Blue
                0x000000000012fdc0                OrangeRedFont
                0x000000000012fdc4                MagentaFont
                0x000000000012fde8                GSM
                0x000000000012fde0                WaitTime
                0x000000000012fd90                Yellow
                0x000000000012fd70                White
                0x000000000012fdb0                BlueFont
                0x000000000012fdbc                DeepSkyBlueFont
                0x000000000012fd78                Red
                0x000000000012fdb8                DarkOrangeFont
                0x000000000012fda8                RedFont
                0x000000000012fd80                Green
                0x000000000012fd60                patcher_enabled
                0x000000000012fdd8                updateScr_t
                0x000000000012fda0                WhiteFont
                0x000000000012fdb4                YellowFont
                0x000000000012fd98                Trans
                0x000000000012fd68                Black
                0x000000000012fdac                GreenFont
                0x000000000012fdd0                GreenTrans
                0x000000000012fda4                BlackFont
                0x000000000012fdd4                WhiteTrans
 .data          0x0000000000130468      0x240 /usr/local/ps2dev/gsKit/lib/libgskit.a(gsFontM.o)
 .data          0x00000000001306a8      0x180 /usr/local/ps2dev/gsKit/lib/libdmakit.a(dmaCore.o)
 .data          0x0000000000130828       0x10 /usr/local/ps2dev/ps2sdk/ee/lib/libfileXio.a(fileXio_rpc.o)
 .data          0x0000000000130838       0x1c /usr/local/ps2dev/ps2sdk/ee/lib/libmc.a(libmc.o)
 .data          0x0000000000130854        0x8 /usr/local/ps2dev/ps2sdk/ee/lib/libpad.a(libpad.o)
 .data          0x000000000013085c        0xc /usr/local/ps2dev/ps2sdk/ee/lib/libc.a(malloc.o)
                0x0000000000130860                __alloc_heap_head
                0x000000000013085c                __alloc_heap_base
                0x0000000000130864                __alloc_heap_tail
 .data          0x0000000000130868        0x4 /usr/local/ps2dev/ps2sdk/ee/lib/libc.a(__alloc_internals.o)
 .data          0x000000000013086c       0x1c /usr/local/ps2dev/ps2sdk/ee/lib/libc.a(__stdio_internals.o)
                0x000000000013086c                _ps2sdk_close
                0x000000000013087c                _ps2sdk_write
                0x0000000000130878                _ps2sdk_lseek
                0x0000000000130870                _ps2sdk_open
                0x0000000000130884                _ps2sdk_rename
                0x0000000000130880                _ps2sdk_remove
                0x0000000000130874                _ps2sdk_read
 .data          0x0000000000130888        0x4 /usr/local/ps2dev/ps2sdk/ee/lib/libc.a(sbrk.o)
 *fill*         0x000000000013088c 0x817c1e800000004 00
 .data          0x0000000000130890      0x248 /usr/local/ps2dev/ps2sdk/ee/lib/libc.a(vxprintf.o)
 .data          0x0000000000130ad8      0x188 /usr/local/ps2dev/ps2sdk/ee/lib/libc.a(stdio.o)
                0x0000000000130ad8                __stdio_initialised
                0x0000000000130ae0                __iob
 .data          0x0000000000130c60        0xc /usr/local/ps2dev/ps2sdk/ee/lib/libc.a(__stdlib_internals.o)
                0x0000000000130c68                __stdlib_rand_seed
                0x0000000000130c60                __stdlib_exit_index
                0x0000000000130c64                __stdlib_mb_shift
 *fill*         0x0000000000130c6c 0x817c1e800000004 00
 .data          0x0000000000130c70       0x10 /usr/local/ps2dev/ps2sdk/ee/lib/libc.a(clock.o)
 .data          0x0000000000130c80      0x1a0 /usr/local/ps2dev/ps2sdk/ee/lib/libc.a(getfdtype.o)
                0x0000000000130c80                __direct_pwd
 .data          0x0000000000130e20        0x4 /usr/local/ps2dev/ps2sdk/ee/lib/libkernel.a(errno.o)
                0x0000000000130e20                errno
 *fill*         0x0000000000130e24 0x817c1e800000004 00
 .data          0x0000000000130e28       0x38 /usr/local/ps2dev/ps2sdk/ee/lib/libkernel.a(SifRpcMain.o)
                0x0000000000130e28                _sif_rpc_data
 .data          0x0000000000130e60        0x4 /usr/local/ps2dev/ps2sdk/ee/lib/libkernel.a(__iop_control_internals.o)
                0x0000000000130e60                _iop_reboot_count
 .data          0x0000000000130e64        0x4 /usr/local/ps2dev/ps2sdk/ee/lib/libkernel.a(GetSyscallHandler.o)
 .data          0x0000000000130e68       0x30 /usr/local/ps2dev/ps2sdk/ee/lib/libkernel.a(sif_cmd_main.o)
                0x0000000000130e68                _sif_cmd_data
 .data          0x0000000000130e98        0x8 /usr/local/ps2dev/ps2sdk/ee/lib/libkernel.a(__fio_internals.o)
                0x0000000000130e9c                _fio_completion_sema
                0x0000000000130e98                _fio_init
 .data          0x0000000000130ea0        0x4 /usr/local/ps2dev/ps2sdk/ee/lib/libkernel.a(fio_init.o)
 .data          0x0000000000130ea4        0x8 /usr/local/ps2dev/ps2sdk/ee/lib/libkernel.a(SifInitIopHeap.o)
                0x0000000000130ea4                _ih_caps
 *fill*         0x0000000000130eac 0x817c1e800000004 00
 .data          0x0000000000130eb0       0x18 /usr/local/ps2dev/ps2sdk/ee/lib/libkernel.a(_config_internals.o)
                0x0000000000130eb0                g_t10KConfig
                0x0000000000130eb8                g_RomName
 .data          0x0000000000130ec8        0x8 /usr/local/ps2dev/ps2sdk/ee/lib/libkernel.a(SifLoadFileInit.o)
                0x0000000000130ec8                _lf_init
 .data          0x0000000000130ed0       0x54 /usr/local/ps2dev/ee/lib/gcc-lib/ee/3.2.2/libgcc.a(_udivdi3.o)
                0x0000000000130ed0                _GLOBAL__F___udivdi3
 .data          0x0000000000130f24       0x54 /usr/local/ps2dev/ee/lib/gcc-lib/ee/3.2.2/libgcc.a(_umoddi3.o)
                0x0000000000130f24                _GLOBAL__F___umoddi3
 *(.data.*)
 *(.gnu.linkonce.d*)
                0x0000000000130f78                _fdata = .
 *(.data)
 *(.data.*)
 *(.gnu.linkonce.d*)

.rdata
 *(.rdata)
 *(.rdata)

.gcc_except_table
 *(.gcc_except_table)
 *(.gcc_except_table)
                0x0000000000138f70                _gp = (ALIGN (0x80) + 0x7ff0)

.lit4
 *(.lit4)
 *(.lit4)

.lit8
 *(.lit8)
 *(.lit8)

.sdata          0x0000000000130f80       0x14
 *(.sdata)
 .sdata         0x0000000000130f80        0x4 iomanx.o
                0x0000000000130f80                size_iomanx_irx
 .sdata         0x0000000000130f84        0x4 filexio.o
                0x0000000000130f84                size_filexio_irx
 .sdata         0x0000000000130f88        0x4 ps2fs.o
                0x0000000000130f88                size_ps2fs_irx
 .sdata         0x0000000000130f8c        0x4 fakehost.o
                0x0000000000130f8c                size_fakehost_irx
 .sdata         0x0000000000130f90        0x4 loader.o
                0x0000000000130f90                size_loader_elf
 *(.sdata.*)
 *(.gnu.linkonce.s*)
 *(.sdata)
 *(.sdata.*)
 *(.gnu.linkonce.s*)
                0x0000000000130f94                _edata = .
                0x0000000000130f94                PROVIDE (edata, .)

.sbss           0x0000000000131000        0x0
                0x0000000000131000                _fbss = .
 *(.sbss)
 *(.sbss.*)
 *(.gnu.linkonce.sb*)
 *(.scommon)
                0x0000000000131000                _fbss = .
 *(.sbss)
 *(.sbss.*)
 *(.gnu.linkonce.sb*)
 *(.scommon)

.bss            0x0000000000131000    0x10b50
 *(.bss)
 .bss           0x0000000000131000      0x180 /usr/local/ps2dev/ps2sdk/ee/startup/crt0.o
 .bss           0x0000000000131180      0x240 pad.o
 .bss           0x00000000001313c0     0x7c80 /usr/local/ps2dev/ps2sdk/ee/lib/libfileXio.a(fileXio_rpc.o)
 .bss           0x0000000000139040     0x11c0 /usr/local/ps2dev/ps2sdk/ee/lib/libmc.a(libmc.o)
 .bss           0x000000000013a200      0x240 /usr/local/ps2dev/ps2sdk/ee/lib/libpad.a(libpad.o)
 .bss           0x000000000013a440     0x1000 /usr/local/ps2dev/ps2sdk/ee/lib/libc.a(vprintf.o)
 .bss           0x000000000013b440     0x1800 /usr/local/ps2dev/ps2sdk/ee/lib/libkernel.a(SifRpcMain.o)
 .bss           0x000000000013cc40      0x340 /usr/local/ps2dev/ps2sdk/ee/lib/libkernel.a(sif_cmd_main.o)
 *(.bss.*)
 *(.gnu.linkonce.b*)
 *(COMMON)
 COMMON         0x000000000013cf80       0x60 pad.o
                                          0x0 (size before relaxing)
                0x000000000013cf80                new_pad
                0x000000000013cf88                paddata_t
                0x000000000013cf90                paddata
                0x000000000013cf98                buttons_t
                0x000000000013cfd8                new_pad_t
 COMMON         0x000000000013cfe0       0x84 gsm.o
                                          0x0 (size before relaxing)
                0x000000000013cfe0                gsFontM
                0x000000000013cfe4                ffmd
                0x000000000013cfe8                gs_magh
                0x000000000013cfec                interlace
                0x000000000013cff0                act_syncv
                0x000000000013cff8                syncv
                0x000000000013d000                gs_dx
                0x000000000013d008                display
                0x000000000013d010                smode2
                0x000000000013d018                updateScr_1
                0x000000000013d01c                gs_dy
                0x000000000013d020                TexSkin
                0x000000000013d048                gsGlobal
                0x000000000013d04c                mode
                0x000000000013d050                gs_dh
                0x000000000013d054                gs_dw
                0x000000000013d058                updateScr_2
                0x000000000013d05c                gskit_vmode
                0x000000000013d060                gs_magv
 *fill*         0x000000000013d064 0x8181ea000000004 00
 COMMON         0x000000000013d068      0x100 /usr/local/ps2dev/ps2sdk/ee/lib/libc.a(stdio.o)
                                          0x0 (size before relaxing)
                0x000000000013d068                __stdio_tmpnam
 COMMON         0x000000000013d168     0x4080 /usr/local/ps2dev/ps2sdk/ee/lib/libc.a(__stdlib_internals.o)
                                          0x0 (size before relaxing)
                0x000000000013d168                __stdlib_exit_func
                0x000000000013d1e8                __stdlib_env
 *fill*         0x00000000001411e8 0x8181ea000000018 00
 COMMON         0x0000000000141200      0x900 /usr/local/ps2dev/ps2sdk/ee/lib/libkernel.a(__fio_internals.o)
                                          0x0 (size before relaxing)
                0x0000000000141200                _fio_cd
                0x0000000000141240                _fio_intr_data
                0x00000000001412c0                _fio_block_mode
                0x0000000000141300                _fio_recv_data
 COMMON         0x0000000000141b00       0x28 /usr/local/ps2dev/ps2sdk/ee/lib/libkernel.a(SifInitIopHeap.o)
                                          0x0 (size before relaxing)
                0x0000000000141b00                _ih_cd
 COMMON         0x0000000000141b28       0x28 /usr/local/ps2dev/ps2sdk/ee/lib/libkernel.a(SifLoadFileInit.o)
                                          0x0 (size before relaxing)
                0x0000000000141b28                _lf_cd
 *(.bss)
 *(.bss.*)
 *(.gnu.linkonce.b*)
 *(COMMON)
                0x0000000000141b50                _end_bss = .
                0x0000000000141b50                _end = .
                0x0000000000141b50                PROVIDE (end, .)
                0xffffffffffffffff                PROVIDE (_heap_size, 0xffffffffffffffff)
                0xffffffffffffffff                PROVIDE (_stack, 0xffffffffffffffff)
                0x0000000000020000                PROVIDE (_stack_size, 0x20000)
                0x0000000000141b50                PROVIDE (_etext, .)
                0x0000000000141b50                PROVIDE (etext, .)
                0x0000000000149b70                _gp = (ALIGN (0x80) + 0x7ff0)
                0x0000000000141b50                _edata = .
                0x0000000000141b50                PROVIDE (edata, .)
                0x0000000000141b50                _end_bss = .
                0x0000000000141b50                _end = .
                0x0000000000141b50                PROVIDE (end, .)
                0xffffffffffffffff                PROVIDE (_heap_size, 0xffffffffffffffff)
                0xffffffffffffffff                PROVIDE (_stack, 0xffffffffffffffff)
                0x0000000000020000                PROVIDE (_stack_size, 0x20000)

.gsm_engine     0x0000000000080000      0xc08
                0x0000000000080000                _ftext = .
 *(.gsm_engine)
 .gsm_engine    0x0000000000080000      0xc00 engine.o
                0x0000000000080270                Old_SetGsCrt
                0x0000000000080238                Target_INTERLACE
                0x0000000000080204                Source_MODE
                0x0000000000080250                Target_DISPLAY
                0x0000000000080218                Source_DISPLAY
                0x0000000000080262                SMODE2_fix
                0x0000000000080200                Source_INTERLACE
                0x0000000000080263                SYNCV_fix
                0x000000000008023c                Target_MODE
                0x0000000000080000                MIPS_Regs
                0x0000000000080248                Target_SMODE2
                0x0000000000080220                Source_SYNCV
                0x0000000000080258                Target_SYNCV
                0x0000000000080230                Calculated_DISPLAY
                0x00000000000804f4                Hook_SetGsCrt
                0x0000000000080260                automatic_adaptation
                0x0000000000080208                Source_FFMD
                0x0000000000080240                Target_FFMD
                0x0000000000080228                DOUBLE_HEIGHT_adaptation
                0x000000000008054c                GSHandler
                0x0000000000080261                DISPLAY_fix
                0x0000000000080210                Source_SMODE2
 *(.gsm_engine.*)
 *(.gnu.linkonce.t*)
                0x0000000000080c00        0x8 QUAD 0x0
                0x0000000000080c08                PROVIDE (_egsm_engine, .)
                0x0000000000080c08                PROVIDE (egsm_engine, .)
OUTPUT(GSM.ELF elf32-littlemips)

.mdebug         0x0000000000000000    0x22d80
 .mdebug        0x0000000000000000      0x600 /usr/local/ps2dev/ps2sdk/ee/startup/crt0.o
 .mdebug        0x0000000000000600      0x10c iomanx.o
 .mdebug        0x000000000000070c      0x110 filexio.o
 .mdebug        0x000000000000081c      0x10c ps2fs.o
 .mdebug        0x0000000000000928      0x110 fakehost.o
 .mdebug        0x0000000000000a38      0x10c loader.o
 .mdebug        0x0000000000000b44      0x494 elf.o
 .mdebug        0x0000000000000fd8      0x3e4 timer.o
 .mdebug        0x00000000000013bc      0x768 pad.o
 .mdebug        0x0000000000001b24     0x1768 engine.o
 .mdebug        0x000000000000328c     0x16dc gsm.o
 .mdebug        0x0000000000004968     0x1194 /usr/local/ps2dev/gsKit/lib/libgskit.a(gsCore.o)
 .mdebug        0x0000000000005afc      0x6fc /usr/local/ps2dev/gsKit/lib/libgskit.a(gsFontM.o)
 .mdebug        0x00000000000061f8      0x58c /usr/local/ps2dev/gsKit/lib/libgskit.a(gsInit.o)
 .mdebug        0x0000000000006784      0x8e8 /usr/local/ps2dev/gsKit/lib/libgskit.a(gsPrimitive.o)
 .mdebug        0x000000000000706c      0xb08 /usr/local/ps2dev/gsKit/lib/libgskit.a(gsTexture.o)
 .mdebug        0x0000000000007b74      0x1d8 /usr/local/ps2dev/gsKit/lib/libgskit.a(gsMisc.o)
 .mdebug        0x0000000000007d4c      0x7bc /usr/local/ps2dev/gsKit/lib/libdmakit.a(dmaCore.o)
 .mdebug        0x0000000000008508     0x1700 /usr/local/ps2dev/ps2sdk/ee/lib/libfileXio.a(fileXio_rpc.o)
 .mdebug        0x0000000000009c08      0xf94 /usr/local/ps2dev/ps2sdk/ee/lib/libmc.a(libmc.o)
 .mdebug        0x000000000000ab9c     0x1004 /usr/local/ps2dev/ps2sdk/ee/lib/libpad.a(libpad.o)
 .mdebug        0x000000000000bba0      0x324 /usr/local/ps2dev/ps2sdk/ee/lib/libc.a(memcpy.o)
 .mdebug        0x000000000000bec4      0x320 /usr/local/ps2dev/ps2sdk/ee/lib/libc.a(memset.o)
 .mdebug        0x000000000000c1e4      0x31c /usr/local/ps2dev/ps2sdk/ee/lib/libc.a(memcmp.o)
 .mdebug        0x000000000000c500      0x334 /usr/local/ps2dev/ps2sdk/ee/lib/libc.a(strcpy.o)
 .mdebug        0x000000000000c834      0x358 /usr/local/ps2dev/ps2sdk/ee/lib/libc.a(strncpy.o)
 .mdebug        0x000000000000cb8c      0x334 /usr/local/ps2dev/ps2sdk/ee/lib/libc.a(strlen.o)
 .mdebug        0x000000000000cec0      0x34c /usr/local/ps2dev/ps2sdk/ee/lib/libc.a(strchr.o)
 .mdebug        0x000000000000d20c      0x178 /usr/local/ps2dev/ps2sdk/ee/lib/libc.a(sprintf.o)
 .mdebug        0x000000000000d384      0x160 /usr/local/ps2dev/ps2sdk/ee/lib/libc.a(printf.o)
 .mdebug        0x000000000000d4e4      0x1a8 /usr/local/ps2dev/ps2sdk/ee/lib/libc.a(vprintf.o)
 .mdebug        0x000000000000d68c      0x28c /usr/local/ps2dev/ps2sdk/ee/lib/libc.a(malloc.o)
 .mdebug        0x000000000000d918      0x174 /usr/local/ps2dev/ps2sdk/ee/lib/libc.a(calloc.o)
 .mdebug        0x000000000000da8c      0x1ec /usr/local/ps2dev/ps2sdk/ee/lib/libc.a(memalign.o)
 .mdebug        0x000000000000dc78      0x1e8 /usr/local/ps2dev/ps2sdk/ee/lib/libc.a(free.o)
 .mdebug        0x000000000000de60      0x3a0 /usr/local/ps2dev/ps2sdk/ee/lib/libc.a(__alloc_internals.o)
 .mdebug        0x000000000000e200      0x160 /usr/local/ps2dev/ps2sdk/ee/lib/libc.a(strrchr.o)
 .mdebug        0x000000000000e360      0x4bc /usr/local/ps2dev/ps2sdk/ee/lib/libc.a(__stdio_internals.o)
 .mdebug        0x000000000000e81c      0x20c /usr/local/ps2dev/ps2sdk/ee/lib/libc.a(strtol.o)
 .mdebug        0x000000000000ea28      0x308 /usr/local/ps2dev/ps2sdk/ee/lib/libc.a(init_libc.o)
 .mdebug        0x000000000000ed30      0x174 /usr/local/ps2dev/ps2sdk/ee/lib/libc.a(init_args.o)
 .mdebug        0x000000000000eea4      0x1ac /usr/local/ps2dev/ps2sdk/ee/lib/libc.a(sbrk.o)
 .mdebug        0x000000000000f050      0x31c /usr/local/ps2dev/ps2sdk/ee/lib/libc.a(vxprintf.o)
 .mdebug        0x000000000000f36c      0x148 /usr/local/ps2dev/ps2sdk/ee/lib/libc.a(__sout.o)
 .mdebug        0x000000000000f4b4      0x180 /usr/local/ps2dev/ps2sdk/ee/lib/libc.a(vsnprintf.o)
 .mdebug        0x000000000000f634      0x148 /usr/local/ps2dev/ps2sdk/ee/lib/libc.a(isupper.o)
 .mdebug        0x000000000000f77c      0x178 /usr/local/ps2dev/ps2sdk/ee/lib/libc.a(isalpha.o)
 .mdebug        0x000000000000f8f4      0x148 /usr/local/ps2dev/ps2sdk/ee/lib/libc.a(isdigit.o)
 .mdebug        0x000000000000fa3c      0x148 /usr/local/ps2dev/ps2sdk/ee/lib/libc.a(isspace.o)
 .mdebug        0x000000000000fb84      0x178 /usr/local/ps2dev/ps2sdk/ee/lib/libc.a(fcloseall.o)
 .mdebug        0x000000000000fcfc      0x130 /usr/local/ps2dev/ps2sdk/ee/lib/libc.a(stdio.o)
 .mdebug        0x000000000000fe2c      0x178 /usr/local/ps2dev/ps2sdk/ee/lib/libc.a(chdir.o)
 .mdebug        0x000000000000ffa4      0x298 /usr/local/ps2dev/ps2sdk/ee/lib/libc.a(__stdlib_internals.o)
 .mdebug        0x000000000001023c      0x43c /usr/local/ps2dev/ps2sdk/ee/lib/libc.a(clock.o)
 .mdebug        0x0000000000010678      0x148 /usr/local/ps2dev/ps2sdk/ee/lib/libc.a(islower.o)
 .mdebug        0x00000000000107c0      0x178 /usr/local/ps2dev/ps2sdk/ee/lib/libc.a(fclose.o)
 .mdebug        0x0000000000010938      0x1cc /usr/local/ps2dev/ps2sdk/ee/lib/libc.a(getfdtype.o)
 .mdebug        0x0000000000010b04      0x360 /usr/local/ps2dev/ps2sdk/ee/lib/libc.a(strncmp.o)
 .mdebug        0x0000000000010e64      0x484 /usr/local/ps2dev/ps2sdk/ee/lib/libkernel.a(SetGsCrt.o)
 .mdebug        0x00000000000112e8      0x484 /usr/local/ps2dev/ps2sdk/ee/lib/libkernel.a(ExecPS2.o)
 .mdebug        0x000000000001176c      0x490 /usr/local/ps2dev/ps2sdk/ee/lib/libkernel.a(AddIntcHandler.o)
 .mdebug        0x0000000000011bfc      0x494 /usr/local/ps2dev/ps2sdk/ee/lib/libkernel.a(RemoveIntcHandler.o)
 .mdebug        0x0000000000012090      0x48c /usr/local/ps2dev/ps2sdk/ee/lib/libkernel.a(SleepThread.o)
 .mdebug        0x000000000001251c      0x484 /usr/local/ps2dev/ps2sdk/ee/lib/libkernel.a(EndOfHeap.o)
 .mdebug        0x00000000000129a0      0x488 /usr/local/ps2dev/ps2sdk/ee/lib/libkernel.a(CreateSema.o)
 .mdebug        0x0000000000012e28      0x488 /usr/local/ps2dev/ps2sdk/ee/lib/libkernel.a(DeleteSema.o)
 .mdebug        0x00000000000132b0      0x48c /usr/local/ps2dev/ps2sdk/ee/lib/libkernel.a(iSignalSema.o)
 .mdebug        0x000000000001373c      0x488 /usr/local/ps2dev/ps2sdk/ee/lib/libkernel.a(SignalSema.o)
 .mdebug        0x0000000000013bc4      0x484 /usr/local/ps2dev/ps2sdk/ee/lib/libkernel.a(WaitSema.o)
 .mdebug        0x0000000000014048      0x484 /usr/local/ps2dev/ps2sdk/ee/lib/libkernel.a(PollSema.o)
 .mdebug        0x00000000000144cc      0x488 /usr/local/ps2dev/ps2sdk/ee/lib/libkernel.a(FlushCache.o)
 .mdebug        0x0000000000014954      0x484 /usr/local/ps2dev/ps2sdk/ee/lib/libkernel.a(GsPutIMR.o)
 .mdebug        0x0000000000014dd8      0x488 /usr/local/ps2dev/ps2sdk/ee/lib/libkernel.a(SetSyscall.o)
 .mdebug        0x0000000000015260      0x55c /usr/local/ps2dev/ps2sdk/ee/lib/libkernel.a(SifWriteBackDCache.o)
 .mdebug        0x00000000000157bc      0x420 /usr/local/ps2dev/ps2sdk/ee/lib/libkernel.a(errno.o)
 .mdebug        0x0000000000015bdc      0x1f8 /usr/local/ps2dev/ps2sdk/ee/lib/libkernel.a(SifBindRpc.o)
 .mdebug        0x0000000000015dd4      0x21c /usr/local/ps2dev/ps2sdk/ee/lib/libkernel.a(SifCallRpc.o)
 .mdebug        0x0000000000015ff0      0x764 /usr/local/ps2dev/ps2sdk/ee/lib/libkernel.a(SifRpcMain.o)
 .mdebug        0x0000000000016754      0x184 /usr/local/ps2dev/ps2sdk/ee/lib/libkernel.a(_rpc_get_packet.o)
 .mdebug        0x00000000000168d8      0x15c /usr/local/ps2dev/ps2sdk/ee/lib/libkernel.a(_rpc_get_fpacket.o)
 .mdebug        0x0000000000016a34      0x158 /usr/local/ps2dev/ps2sdk/ee/lib/libkernel.a(SifCheckStatRpc.o)
 .mdebug        0x0000000000016b8c      0x194 /usr/local/ps2dev/ps2sdk/ee/lib/libkernel.a(fio_exit.o)
 .mdebug        0x0000000000016d20      0x244 /usr/local/ps2dev/ps2sdk/ee/lib/libkernel.a(fio_open.o)
 .mdebug        0x0000000000016f64      0x1ec /usr/local/ps2dev/ps2sdk/ee/lib/libkernel.a(fio_close.o)
 .mdebug        0x0000000000017150      0x274 /usr/local/ps2dev/ps2sdk/ee/lib/libkernel.a(fio_read.o)
 .mdebug        0x00000000000173c4      0x268 /usr/local/ps2dev/ps2sdk/ee/lib/libkernel.a(fio_write.o)
 .mdebug        0x000000000001762c      0x1ec /usr/local/ps2dev/ps2sdk/ee/lib/libkernel.a(fio_lseek.o)
 .mdebug        0x0000000000017818      0x1b0 /usr/local/ps2dev/ps2sdk/ee/lib/libkernel.a(_fio_read_intr.o)
 .mdebug        0x00000000000179c8      0x208 /usr/local/ps2dev/ps2sdk/ee/lib/libkernel.a(fio_remove.o)
 .mdebug        0x0000000000017bd0      0x204 /usr/local/ps2dev/ps2sdk/ee/lib/libkernel.a(fio_rmdir.o)
 .mdebug        0x0000000000017dd4      0x178 /usr/local/ps2dev/ps2sdk/ee/lib/libkernel.a(SifLoadModule.o)
 .mdebug        0x0000000000017f4c      0x21c /usr/local/ps2dev/ps2sdk/ee/lib/libkernel.a(SifExecModuleBuffer.o)
 .mdebug        0x0000000000018168      0x1ac /usr/local/ps2dev/ps2sdk/ee/lib/libkernel.a(SifAllocIopHeap.o)
 .mdebug        0x0000000000018314      0x1a8 /usr/local/ps2dev/ps2sdk/ee/lib/libkernel.a(SifFreeIopHeap.o)
 .mdebug        0x00000000000184bc       0xfc /usr/local/ps2dev/ps2sdk/ee/lib/libkernel.a(__iop_control_internals.o)
 .mdebug        0x00000000000185b8      0x1b4 /usr/local/ps2dev/ps2sdk/ee/lib/libkernel.a(GetRomName.o)
 .mdebug        0x000000000001876c      0x1bc /usr/local/ps2dev/ps2sdk/ee/lib/libkernel.a(configGetTvScreenType.o)
 .mdebug        0x0000000000018928      0x144 /usr/local/ps2dev/ps2sdk/ee/lib/libkernel.a(DIntr.o)
 .mdebug        0x0000000000018a6c      0x144 /usr/local/ps2dev/ps2sdk/ee/lib/libkernel.a(EIntr.o)
 .mdebug        0x0000000000018bb0      0x194 /usr/local/ps2dev/ps2sdk/ee/lib/libkernel.a(EnableIntc.o)
 .mdebug        0x0000000000018d44      0x198 /usr/local/ps2dev/ps2sdk/ee/lib/libkernel.a(DisableIntc.o)
 .mdebug        0x0000000000018edc      0x194 /usr/local/ps2dev/ps2sdk/ee/lib/libkernel.a(SyncDCache.o)
 .mdebug        0x0000000000019070      0x24c /usr/local/ps2dev/ps2sdk/ee/lib/libkernel.a(GetSyscallHandler.o)
 .mdebug        0x00000000000192bc      0x48c /usr/local/ps2dev/ps2sdk/ee/lib/libkernel.a(_EnableIntc.o)
 .mdebug        0x0000000000019748      0x48c /usr/local/ps2dev/ps2sdk/ee/lib/libkernel.a(_DisableIntc.o)
 .mdebug        0x0000000000019bd4      0x48c /usr/local/ps2dev/ps2sdk/ee/lib/libkernel.a(iWakeupThread.o)
 .mdebug        0x000000000001a060      0x494 /usr/local/ps2dev/ps2sdk/ee/lib/libkernel.a(GetOsdConfigParam.o)
 .mdebug        0x000000000001a4f4      0x488 /usr/local/ps2dev/ps2sdk/ee/lib/libkernel.a(SifDmaStat.o)
 .mdebug        0x000000000001a97c      0x484 /usr/local/ps2dev/ps2sdk/ee/lib/libkernel.a(SifSetDma.o)
 .mdebug        0x000000000001ae00      0x484 /usr/local/ps2dev/ps2sdk/ee/lib/libkernel.a(SifSetReg.o)
 .mdebug        0x000000000001b284      0x484 /usr/local/ps2dev/ps2sdk/ee/lib/libkernel.a(SifGetReg.o)
 .mdebug        0x000000000001b708      0x4b4 /usr/local/ps2dev/ps2sdk/ee/lib/libkernel.a(_SyncDCache.o)
 .mdebug        0x000000000001bbbc      0x2c0 /usr/local/ps2dev/ps2sdk/ee/lib/libkernel.a(sif_cmd_send.o)
 .mdebug        0x000000000001be7c      0x5c4 /usr/local/ps2dev/ps2sdk/ee/lib/libkernel.a(sif_cmd_main.o)
 .mdebug        0x000000000001c440      0x178 /usr/local/ps2dev/ps2sdk/ee/lib/libkernel.a(sif_cmd_addhandler.o)
 .mdebug        0x000000000001c5b8      0x170 /usr/local/ps2dev/ps2sdk/ee/lib/libkernel.a(sif_sreg_get.o)
 .mdebug        0x000000000001c728      0x18c /usr/local/ps2dev/ps2sdk/ee/lib/libkernel.a(__fio_internals.o)
 .mdebug        0x000000000001c8b4      0x298 /usr/local/ps2dev/ps2sdk/ee/lib/libkernel.a(fio_init.o)
 .mdebug        0x000000000001cb4c      0x18c /usr/local/ps2dev/ps2sdk/ee/lib/libkernel.a(_fio_intr.o)
 .mdebug        0x000000000001ccd8      0x1f0 /usr/local/ps2dev/ps2sdk/ee/lib/libkernel.a(_SifLoadModule.o)
 .mdebug        0x000000000001cec8      0x1e8 /usr/local/ps2dev/ps2sdk/ee/lib/libkernel.a(_SifLoadModuleBuffer.o)
 .mdebug        0x000000000001d0b0      0x22c /usr/local/ps2dev/ps2sdk/ee/lib/libkernel.a(SifInitIopHeap.o)
 .mdebug        0x000000000001d2dc      0x110 /usr/local/ps2dev/ps2sdk/ee/lib/libkernel.a(_config_internals.o)
 .mdebug        0x000000000001d3ec      0x180 /usr/local/ps2dev/ps2sdk/ee/lib/libkernel.a(IsT10K.o)
 .mdebug        0x000000000001d56c      0x194 /usr/local/ps2dev/ps2sdk/ee/lib/libkernel.a(EnableDmac.o)
 .mdebug        0x000000000001d700      0x198 /usr/local/ps2dev/ps2sdk/ee/lib/libkernel.a(DisableDmac.o)
 .mdebug        0x000000000001d898      0x490 /usr/local/ps2dev/ps2sdk/ee/lib/libkernel.a(AddDmacHandler.o)
 .mdebug        0x000000000001dd28      0x494 /usr/local/ps2dev/ps2sdk/ee/lib/libkernel.a(RemoveDmacHandler.o)
 .mdebug        0x000000000001e1bc      0x48c /usr/local/ps2dev/ps2sdk/ee/lib/libkernel.a(_EnableDmac.o)
 .mdebug        0x000000000001e648      0x48c /usr/local/ps2dev/ps2sdk/ee/lib/libkernel.a(_DisableDmac.o)
 .mdebug        0x000000000001ead4      0x488 /usr/local/ps2dev/ps2sdk/ee/lib/libkernel.a(iSifSetDma.o)
 .mdebug        0x000000000001ef5c      0x48c /usr/local/ps2dev/ps2sdk/ee/lib/libkernel.a(SifSetDChain.o)
 .mdebug        0x000000000001f3e8      0x1ac /usr/local/ps2dev/ps2sdk/ee/lib/libkernel.a(_sif_cmd_int_handler.o)
 .mdebug        0x000000000001f594      0x22c /usr/local/ps2dev/ps2sdk/ee/lib/libkernel.a(SifLoadFileInit.o)
 .mdebug        0x000000000001f7c0      0x48c /usr/local/ps2dev/ps2sdk/ee/lib/libkernel.a(iSifSetDChain.o)
 .mdebug        0x000000000001fc4c     0x1ed4 /usr/local/ps2dev/ee/lib/gcc-lib/ee/3.2.2/libgcc.a(_muldi3.o)
 .mdebug        0x0000000000021b20     0x2048 /usr/local/ps2dev/ee/lib/gcc-lib/ee/3.2.2/libgcc.a(_floatdisf.o)
 .mdebug        0x0000000000023b68     0x1ff8 /usr/local/ps2dev/ee/lib/gcc-lib/ee/3.2.2/libgcc.a(_fixunssfdi.o)
 .mdebug        0x0000000000025b60     0x3c7c /usr/local/ps2dev/ee/lib/gcc-lib/ee/3.2.2/libgcc.a(_udivdi3.o)
 .mdebug        0x00000000000297dc     0x3cd4 /usr/local/ps2dev/ee/lib/gcc-lib/ee/3.2.2/libgcc.a(_umoddi3.o)
 .mdebug        0x000000000002d4b0     0x1e38 /usr/local/ps2dev/ee/lib/gcc-lib/ee/3.2.2/libgcc.a(_sf_to_df.o)
 .mdebug        0x000000000002f2e8     0x35f0 /usr/local/ps2dev/ee/lib/gcc-lib/ee/3.2.2/libgcc.a(_addsub_df.o)
 .mdebug        0x00000000000328d8     0x3ccc /usr/local/ps2dev/ee/lib/gcc-lib/ee/3.2.2/libgcc.a(_mul_df.o)
 .mdebug        0x00000000000365a4     0x1f0c /usr/local/ps2dev/ee/lib/gcc-lib/ee/3.2.2/libgcc.a(_compare_df.o)
 .mdebug        0x00000000000384b0     0x2118 /usr/local/ps2dev/ee/lib/gcc-lib/ee/3.2.2/libgcc.a(_si_to_df.o)
 .mdebug        0x000000000003a5c8     0x22dc /usr/local/ps2dev/ee/lib/gcc-lib/ee/3.2.2/libgcc.a(_df_to_si.o)
 .mdebug        0x000000000003c8a4     0x1e94 /usr/local/ps2dev/ee/lib/gcc-lib/ee/3.2.2/libgcc.a(_make_df.o)
 .mdebug        0x000000000003e738     0x1fd0 /usr/local/ps2dev/ee/lib/gcc-lib/ee/3.2.2/libgcc.a(_df_to_sf.o)
 .mdebug        0x0000000000040708     0x1be0 /usr/local/ps2dev/ee/lib/gcc-lib/ee/3.2.2/libgcc.a(_thenan_df.o)
 .mdebug        0x00000000000422e8     0x232c /usr/local/ps2dev/ee/lib/gcc-lib/ee/3.2.2/libgcc.a(_df_to_usi.o)
 .mdebug        0x0000000000044614     0x1a8c /usr/local/ps2dev/ee/lib/gcc-lib/ee/3.2.2/libgcc.a(_clz.o)
 .mdebug        0x00000000000460a0     0x1dcc /usr/local/ps2dev/ee/lib/gcc-lib/ee/3.2.2/libgcc.a(_floatdidf.o)
 .mdebug        0x0000000000047e6c     0x2394 /usr/local/ps2dev/ee/lib/gcc-lib/ee/3.2.2/libgcc.a(_unpack_sf.o)
 .mdebug        0x000000000004a200     0x1e68 /usr/local/ps2dev/ee/lib/gcc-lib/ee/3.2.2/libgcc.a(_make_sf.o)
 .mdebug        0x000000000004c068     0x2968 /usr/local/ps2dev/ee/lib/gcc-lib/ee/3.2.2/libgcc.a(_pack_df.o)
 .mdebug        0x000000000004e9d0     0x2398 /usr/local/ps2dev/ee/lib/gcc-lib/ee/3.2.2/libgcc.a(_unpack_df.o)
 .mdebug        0x0000000000050d68     0x285c /usr/local/ps2dev/ee/lib/gcc-lib/ee/3.2.2/libgcc.a(_fpcmp_parts_df.o)
 .mdebug        0x00000000000535c4     0x2a54 /usr/local/ps2dev/ee/lib/gcc-lib/ee/3.2.2/libgcc.a(_pack_sf.o)

.mdebug.eabi64  0x0000000000000000        0x0

.comment        0x0000000000000000      0x7bc
 .comment       0x0000000000000000       0x12 elf.o
 .comment       0x0000000000000012       0x12 timer.o
 .comment       0x0000000000000024       0x12 pad.o
 .comment       0x0000000000000036       0x12 gsm.o
 .comment       0x0000000000000048       0x12 /usr/local/ps2dev/gsKit/lib/libgskit.a(gsCore.o)
 .comment       0x000000000000005a       0x12 /usr/local/ps2dev/gsKit/lib/libgskit.a(gsFontM.o)
 .comment       0x000000000000006c       0x12 /usr/local/ps2dev/gsKit/lib/libgskit.a(gsInit.o)
 .comment       0x000000000000007e       0x12 /usr/local/ps2dev/gsKit/lib/libgskit.a(gsPrimitive.o)
 .comment       0x0000000000000090       0x12 /usr/local/ps2dev/gsKit/lib/libgskit.a(gsTexture.o)
 .comment       0x00000000000000a2       0x12 /usr/local/ps2dev/gsKit/lib/libgskit.a(gsMisc.o)
 .comment       0x00000000000000b4       0x12 /usr/local/ps2dev/gsKit/lib/libdmakit.a(dmaCore.o)
 .comment       0x00000000000000c6       0x12 /usr/local/ps2dev/ps2sdk/ee/lib/libfileXio.a(fileXio_rpc.o)
 .comment       0x00000000000000d8       0x12 /usr/local/ps2dev/ps2sdk/ee/lib/libmc.a(libmc.o)
 .comment       0x00000000000000ea       0x12 /usr/local/ps2dev/ps2sdk/ee/lib/libpad.a(libpad.o)
 .comment       0x00000000000000fc       0x12 /usr/local/ps2dev/ps2sdk/ee/lib/libc.a(sprintf.o)
 .comment       0x000000000000010e       0x12 /usr/local/ps2dev/ps2sdk/ee/lib/libc.a(printf.o)
 .comment       0x0000000000000120       0x12 /usr/local/ps2dev/ps2sdk/ee/lib/libc.a(vprintf.o)
 .comment       0x0000000000000132       0x12 /usr/local/ps2dev/ps2sdk/ee/lib/libc.a(malloc.o)
 .comment       0x0000000000000144       0x12 /usr/local/ps2dev/ps2sdk/ee/lib/libc.a(calloc.o)
 .comment       0x0000000000000156       0x12 /usr/local/ps2dev/ps2sdk/ee/lib/libc.a(memalign.o)
 .comment       0x0000000000000168       0x12 /usr/local/ps2dev/ps2sdk/ee/lib/libc.a(free.o)
 .comment       0x000000000000017a       0x12 /usr/local/ps2dev/ps2sdk/ee/lib/libc.a(__alloc_internals.o)
 .comment       0x000000000000018c       0x12 /usr/local/ps2dev/ps2sdk/ee/lib/libc.a(strrchr.o)
 .comment       0x000000000000019e       0x12 /usr/local/ps2dev/ps2sdk/ee/lib/libc.a(__stdio_internals.o)
 .comment       0x00000000000001b0       0x12 /usr/local/ps2dev/ps2sdk/ee/lib/libc.a(strtol.o)
 .comment       0x00000000000001c2       0x12 /usr/local/ps2dev/ps2sdk/ee/lib/libc.a(init_libc.o)
 .comment       0x00000000000001d4       0x12 /usr/local/ps2dev/ps2sdk/ee/lib/libc.a(init_args.o)
 .comment       0x00000000000001e6       0x12 /usr/local/ps2dev/ps2sdk/ee/lib/libc.a(sbrk.o)
 .comment       0x00000000000001f8       0x12 /usr/local/ps2dev/ps2sdk/ee/lib/libc.a(vxprintf.o)
 .comment       0x000000000000020a       0x12 /usr/local/ps2dev/ps2sdk/ee/lib/libc.a(__sout.o)
 .comment       0x000000000000021c       0x12 /usr/local/ps2dev/ps2sdk/ee/lib/libc.a(vsnprintf.o)
 .comment       0x000000000000022e       0x12 /usr/local/ps2dev/ps2sdk/ee/lib/libc.a(isupper.o)
 .comment       0x0000000000000240       0x12 /usr/local/ps2dev/ps2sdk/ee/lib/libc.a(isalpha.o)
 .comment       0x0000000000000252       0x12 /usr/local/ps2dev/ps2sdk/ee/lib/libc.a(isdigit.o)
 .comment       0x0000000000000264       0x12 /usr/local/ps2dev/ps2sdk/ee/lib/libc.a(isspace.o)
 .comment       0x0000000000000276       0x12 /usr/local/ps2dev/ps2sdk/ee/lib/libc.a(fcloseall.o)
 .comment       0x0000000000000288       0x12 /usr/local/ps2dev/ps2sdk/ee/lib/libc.a(stdio.o)
 .comment       0x000000000000029a       0x12 /usr/local/ps2dev/ps2sdk/ee/lib/libc.a(chdir.o)
 .comment       0x00000000000002ac       0x12 /usr/local/ps2dev/ps2sdk/ee/lib/libc.a(__stdlib_internals.o)
 .comment       0x00000000000002be       0x12 /usr/local/ps2dev/ps2sdk/ee/lib/libc.a(clock.o)
 .comment       0x00000000000002d0       0x12 /usr/local/ps2dev/ps2sdk/ee/lib/libc.a(islower.o)
 .comment       0x00000000000002e2       0x12 /usr/local/ps2dev/ps2sdk/ee/lib/libc.a(fclose.o)
 .comment       0x00000000000002f4       0x12 /usr/local/ps2dev/ps2sdk/ee/lib/libc.a(getfdtype.o)
 .comment       0x0000000000000306       0x12 /usr/local/ps2dev/ps2sdk/ee/lib/libkernel.a(SifBindRpc.o)
 .comment       0x0000000000000318       0x12 /usr/local/ps2dev/ps2sdk/ee/lib/libkernel.a(SifCallRpc.o)
 .comment       0x000000000000032a       0x12 /usr/local/ps2dev/ps2sdk/ee/lib/libkernel.a(SifRpcMain.o)
 .comment       0x000000000000033c       0x12 /usr/local/ps2dev/ps2sdk/ee/lib/libkernel.a(_rpc_get_packet.o)
 .comment       0x000000000000034e       0x12 /usr/local/ps2dev/ps2sdk/ee/lib/libkernel.a(_rpc_get_fpacket.o)
 .comment       0x0000000000000360       0x12 /usr/local/ps2dev/ps2sdk/ee/lib/libkernel.a(SifCheckStatRpc.o)
 .comment       0x0000000000000372       0x12 /usr/local/ps2dev/ps2sdk/ee/lib/libkernel.a(fio_exit.o)
 .comment       0x0000000000000384       0x12 /usr/local/ps2dev/ps2sdk/ee/lib/libkernel.a(fio_open.o)
 .comment       0x0000000000000396       0x12 /usr/local/ps2dev/ps2sdk/ee/lib/libkernel.a(fio_close.o)
 .comment       0x00000000000003a8       0x12 /usr/local/ps2dev/ps2sdk/ee/lib/libkernel.a(fio_read.o)
 .comment       0x00000000000003ba       0x12 /usr/local/ps2dev/ps2sdk/ee/lib/libkernel.a(fio_write.o)
 .comment       0x00000000000003cc       0x12 /usr/local/ps2dev/ps2sdk/ee/lib/libkernel.a(fio_lseek.o)
 .comment       0x00000000000003de       0x12 /usr/local/ps2dev/ps2sdk/ee/lib/libkernel.a(_fio_read_intr.o)
 .comment       0x00000000000003f0       0x12 /usr/local/ps2dev/ps2sdk/ee/lib/libkernel.a(fio_remove.o)
 .comment       0x0000000000000402       0x12 /usr/local/ps2dev/ps2sdk/ee/lib/libkernel.a(fio_rmdir.o)
 .comment       0x0000000000000414       0x12 /usr/local/ps2dev/ps2sdk/ee/lib/libkernel.a(SifLoadModule.o)
 .comment       0x0000000000000426       0x12 /usr/local/ps2dev/ps2sdk/ee/lib/libkernel.a(SifExecModuleBuffer.o)
 .comment       0x0000000000000438       0x12 /usr/local/ps2dev/ps2sdk/ee/lib/libkernel.a(SifAllocIopHeap.o)
 .comment       0x000000000000044a       0x12 /usr/local/ps2dev/ps2sdk/ee/lib/libkernel.a(SifFreeIopHeap.o)
 .comment       0x000000000000045c       0x12 /usr/local/ps2dev/ps2sdk/ee/lib/libkernel.a(__iop_control_internals.o)
 .comment       0x000000000000046e       0x12 /usr/local/ps2dev/ps2sdk/ee/lib/libkernel.a(GetRomName.o)
 .comment       0x0000000000000480       0x12 /usr/local/ps2dev/ps2sdk/ee/lib/libkernel.a(configGetTvScreenType.o)
 .comment       0x0000000000000492       0x12 /usr/local/ps2dev/ps2sdk/ee/lib/libkernel.a(DIntr.o)
 .comment       0x00000000000004a4       0x12 /usr/local/ps2dev/ps2sdk/ee/lib/libkernel.a(EIntr.o)
 .comment       0x00000000000004b6       0x12 /usr/local/ps2dev/ps2sdk/ee/lib/libkernel.a(EnableIntc.o)
 .comment       0x00000000000004c8       0x12 /usr/local/ps2dev/ps2sdk/ee/lib/libkernel.a(DisableIntc.o)
 .comment       0x00000000000004da       0x12 /usr/local/ps2dev/ps2sdk/ee/lib/libkernel.a(SyncDCache.o)
 .comment       0x00000000000004ec       0x12 /usr/local/ps2dev/ps2sdk/ee/lib/libkernel.a(GetSyscallHandler.o)
 .comment       0x00000000000004fe       0x12 /usr/local/ps2dev/ps2sdk/ee/lib/libkernel.a(sif_cmd_send.o)
 .comment       0x0000000000000510       0x12 /usr/local/ps2dev/ps2sdk/ee/lib/libkernel.a(sif_cmd_main.o)
 .comment       0x0000000000000522       0x12 /usr/local/ps2dev/ps2sdk/ee/lib/libkernel.a(sif_cmd_addhandler.o)
 .comment       0x0000000000000534       0x12 /usr/local/ps2dev/ps2sdk/ee/lib/libkernel.a(sif_sreg_get.o)
 .comment       0x0000000000000546       0x12 /usr/local/ps2dev/ps2sdk/ee/lib/libkernel.a(__fio_internals.o)
 .comment       0x0000000000000558       0x12 /usr/local/ps2dev/ps2sdk/ee/lib/libkernel.a(fio_init.o)
 .comment       0x000000000000056a       0x12 /usr/local/ps2dev/ps2sdk/ee/lib/libkernel.a(_fio_intr.o)
 .comment       0x000000000000057c       0x12 /usr/local/ps2dev/ps2sdk/ee/lib/libkernel.a(_SifLoadModule.o)
 .comment       0x000000000000058e       0x12 /usr/local/ps2dev/ps2sdk/ee/lib/libkernel.a(_SifLoadModuleBuffer.o)
 .comment       0x00000000000005a0       0x12 /usr/local/ps2dev/ps2sdk/ee/lib/libkernel.a(SifInitIopHeap.o)
 .comment       0x00000000000005b2       0x12 /usr/local/ps2dev/ps2sdk/ee/lib/libkernel.a(_config_internals.o)
 .comment       0x00000000000005c4       0x12 /usr/local/ps2dev/ps2sdk/ee/lib/libkernel.a(IsT10K.o)
 .comment       0x00000000000005d6       0x12 /usr/local/ps2dev/ps2sdk/ee/lib/libkernel.a(EnableDmac.o)
 .comment       0x00000000000005e8       0x12 /usr/local/ps2dev/ps2sdk/ee/lib/libkernel.a(DisableDmac.o)
 .comment       0x00000000000005fa       0x12 /usr/local/ps2dev/ps2sdk/ee/lib/libkernel.a(_sif_cmd_int_handler.o)
 .comment       0x000000000000060c       0x12 /usr/local/ps2dev/ps2sdk/ee/lib/libkernel.a(SifLoadFileInit.o)
 .comment       0x000000000000061e       0x12 /usr/local/ps2dev/ee/lib/gcc-lib/ee/3.2.2/libgcc.a(_muldi3.o)
 .comment       0x0000000000000630       0x12 /usr/local/ps2dev/ee/lib/gcc-lib/ee/3.2.2/libgcc.a(_floatdisf.o)
 .comment       0x0000000000000642       0x12 /usr/local/ps2dev/ee/lib/gcc-lib/ee/3.2.2/libgcc.a(_fixunssfdi.o)
 .comment       0x0000000000000654       0x12 /usr/local/ps2dev/ee/lib/gcc-lib/ee/3.2.2/libgcc.a(_udivdi3.o)
 .comment       0x0000000000000666       0x12 /usr/local/ps2dev/ee/lib/gcc-lib/ee/3.2.2/libgcc.a(_umoddi3.o)
 .comment       0x0000000000000678       0x12 /usr/local/ps2dev/ee/lib/gcc-lib/ee/3.2.2/libgcc.a(_sf_to_df.o)
 .comment       0x000000000000068a       0x12 /usr/local/ps2dev/ee/lib/gcc-lib/ee/3.2.2/libgcc.a(_addsub_df.o)
 .comment       0x000000000000069c       0x12 /usr/local/ps2dev/ee/lib/gcc-lib/ee/3.2.2/libgcc.a(_mul_df.o)
 .comment       0x00000000000006ae       0x12 /usr/local/ps2dev/ee/lib/gcc-lib/ee/3.2.2/libgcc.a(_compare_df.o)
 .comment       0x00000000000006c0       0x12 /usr/local/ps2dev/ee/lib/gcc-lib/ee/3.2.2/libgcc.a(_si_to_df.o)
 .comment       0x00000000000006d2       0x12 /usr/local/ps2dev/ee/lib/gcc-lib/ee/3.2.2/libgcc.a(_df_to_si.o)
 .comment       0x00000000000006e4       0x12 /usr/local/ps2dev/ee/lib/gcc-lib/ee/3.2.2/libgcc.a(_make_df.o)
 .comment       0x00000000000006f6       0x12 /usr/local/ps2dev/ee/lib/gcc-lib/ee/3.2.2/libgcc.a(_df_to_sf.o)
 .comment       0x0000000000000708       0x12 /usr/local/ps2dev/ee/lib/gcc-lib/ee/3.2.2/libgcc.a(_thenan_df.o)
 .comment       0x000000000000071a       0x12 /usr/local/ps2dev/ee/lib/gcc-lib/ee/3.2.2/libgcc.a(_df_to_usi.o)
 .comment       0x000000000000072c       0x12 /usr/local/ps2dev/ee/lib/gcc-lib/ee/3.2.2/libgcc.a(_clz.o)
 .comment       0x000000000000073e       0x12 /usr/local/ps2dev/ee/lib/gcc-lib/ee/3.2.2/libgcc.a(_floatdidf.o)
 .comment       0x0000000000000750       0x12 /usr/local/ps2dev/ee/lib/gcc-lib/ee/3.2.2/libgcc.a(_unpack_sf.o)
 .comment       0x0000000000000762       0x12 /usr/local/ps2dev/ee/lib/gcc-lib/ee/3.2.2/libgcc.a(_make_sf.o)
 .comment       0x0000000000000774       0x12 /usr/local/ps2dev/ee/lib/gcc-lib/ee/3.2.2/libgcc.a(_pack_df.o)
 .comment       0x0000000000000786       0x12 /usr/local/ps2dev/ee/lib/gcc-lib/ee/3.2.2/libgcc.a(_unpack_df.o)
 .comment       0x0000000000000798       0x12 /usr/local/ps2dev/ee/lib/gcc-lib/ee/3.2.2/libgcc.a(_fpcmp_parts_df.o)
 .comment       0x00000000000007aa       0x12 /usr/local/ps2dev/ee/lib/gcc-lib/ee/3.2.2/libgcc.a(_pack_sf.o)

.debug_abbrev   0x0000000000000000     0x2428
 .debug_abbrev  0x0000000000000000      0x143 /usr/local/ps2dev/ee/lib/gcc-lib/ee/3.2.2/libgcc.a(_muldi3.o)
 .debug_abbrev  0x0000000000000143      0x12f /usr/local/ps2dev/ee/lib/gcc-lib/ee/3.2.2/libgcc.a(_floatdisf.o)
 .debug_abbrev  0x0000000000000272      0x13c /usr/local/ps2dev/ee/lib/gcc-lib/ee/3.2.2/libgcc.a(_fixunssfdi.o)
 .debug_abbrev  0x00000000000003ae      0x1cd /usr/local/ps2dev/ee/lib/gcc-lib/ee/3.2.2/libgcc.a(_udivdi3.o)
 .debug_abbrev  0x000000000000057b      0x1dc /usr/local/ps2dev/ee/lib/gcc-lib/ee/3.2.2/libgcc.a(_umoddi3.o)
 .debug_abbrev  0x0000000000000757      0x180 /usr/local/ps2dev/ee/lib/gcc-lib/ee/3.2.2/libgcc.a(_sf_to_df.o)
 .debug_abbrev  0x00000000000008d7      0x20f /usr/local/ps2dev/ee/lib/gcc-lib/ee/3.2.2/libgcc.a(_addsub_df.o)
 .debug_abbrev  0x0000000000000ae6      0x22a /usr/local/ps2dev/ee/lib/gcc-lib/ee/3.2.2/libgcc.a(_mul_df.o)
 .debug_abbrev  0x0000000000000d10      0x180 /usr/local/ps2dev/ee/lib/gcc-lib/ee/3.2.2/libgcc.a(_compare_df.o)
 .debug_abbrev  0x0000000000000e90      0x180 /usr/local/ps2dev/ee/lib/gcc-lib/ee/3.2.2/libgcc.a(_si_to_df.o)
 .debug_abbrev  0x0000000000001010      0x1bf /usr/local/ps2dev/ee/lib/gcc-lib/ee/3.2.2/libgcc.a(_df_to_si.o)
 .debug_abbrev  0x00000000000011cf      0x18f /usr/local/ps2dev/ee/lib/gcc-lib/ee/3.2.2/libgcc.a(_make_df.o)
 .debug_abbrev  0x000000000000135e      0x18f /usr/local/ps2dev/ee/lib/gcc-lib/ee/3.2.2/libgcc.a(_df_to_sf.o)
 .debug_abbrev  0x00000000000014ed      0x146 /usr/local/ps2dev/ee/lib/gcc-lib/ee/3.2.2/libgcc.a(_thenan_df.o)
 .debug_abbrev  0x0000000000001633      0x1bf /usr/local/ps2dev/ee/lib/gcc-lib/ee/3.2.2/libgcc.a(_df_to_usi.o)
 .debug_abbrev  0x00000000000017f2      0x10d /usr/local/ps2dev/ee/lib/gcc-lib/ee/3.2.2/libgcc.a(_clz.o)
 .debug_abbrev  0x00000000000018ff      0x12f /usr/local/ps2dev/ee/lib/gcc-lib/ee/3.2.2/libgcc.a(_floatdidf.o)
 .debug_abbrev  0x0000000000001a2e      0x18d /usr/local/ps2dev/ee/lib/gcc-lib/ee/3.2.2/libgcc.a(_unpack_sf.o)
 .debug_abbrev  0x0000000000001bbb      0x18f /usr/local/ps2dev/ee/lib/gcc-lib/ee/3.2.2/libgcc.a(_make_sf.o)
 .debug_abbrev  0x0000000000001d4a      0x1ca /usr/local/ps2dev/ee/lib/gcc-lib/ee/3.2.2/libgcc.a(_pack_df.o)
 .debug_abbrev  0x0000000000001f14      0x19a /usr/local/ps2dev/ee/lib/gcc-lib/ee/3.2.2/libgcc.a(_unpack_df.o)
 .debug_abbrev  0x00000000000020ae      0x1b0 /usr/local/ps2dev/ee/lib/gcc-lib/ee/3.2.2/libgcc.a(_fpcmp_parts_df.o)
 .debug_abbrev  0x000000000000225e      0x1ca /usr/local/ps2dev/ee/lib/gcc-lib/ee/3.2.2/libgcc.a(_pack_sf.o)

.debug_info     0x0000000000000000     0xaa55
 .debug_info    0x0000000000000000      0x624 /usr/local/ps2dev/ee/lib/gcc-lib/ee/3.2.2/libgcc.a(_muldi3.o)
 .debug_info    0x0000000000000624      0x5fc /usr/local/ps2dev/ee/lib/gcc-lib/ee/3.2.2/libgcc.a(_floatdisf.o)
 .debug_info    0x0000000000000c20      0x61c /usr/local/ps2dev/ee/lib/gcc-lib/ee/3.2.2/libgcc.a(_fixunssfdi.o)
 .debug_info    0x000000000000123c      0xaeb /usr/local/ps2dev/ee/lib/gcc-lib/ee/3.2.2/libgcc.a(_udivdi3.o)
 .debug_info    0x0000000000001d27      0xaf8 /usr/local/ps2dev/ee/lib/gcc-lib/ee/3.2.2/libgcc.a(_umoddi3.o)
 .debug_info    0x000000000000281f      0x6cf /usr/local/ps2dev/ee/lib/gcc-lib/ee/3.2.2/libgcc.a(_sf_to_df.o)
 .debug_info    0x0000000000002eee      0x91b /usr/local/ps2dev/ee/lib/gcc-lib/ee/3.2.2/libgcc.a(_addsub_df.o)
 .debug_info    0x0000000000003809      0x9a1 /usr/local/ps2dev/ee/lib/gcc-lib/ee/3.2.2/libgcc.a(_mul_df.o)
 .debug_info    0x00000000000041aa      0x6fd /usr/local/ps2dev/ee/lib/gcc-lib/ee/3.2.2/libgcc.a(_compare_df.o)
 .debug_info    0x00000000000048a7      0x6c5 /usr/local/ps2dev/ee/lib/gcc-lib/ee/3.2.2/libgcc.a(_si_to_df.o)
 .debug_info    0x0000000000004f6c      0x778 /usr/local/ps2dev/ee/lib/gcc-lib/ee/3.2.2/libgcc.a(_df_to_si.o)
 .debug_info    0x00000000000056e4      0x6f6 /usr/local/ps2dev/ee/lib/gcc-lib/ee/3.2.2/libgcc.a(_make_df.o)
 .debug_info    0x0000000000005dda      0x6ef /usr/local/ps2dev/ee/lib/gcc-lib/ee/3.2.2/libgcc.a(_df_to_sf.o)
 .debug_info    0x00000000000064c9      0x686 /usr/local/ps2dev/ee/lib/gcc-lib/ee/3.2.2/libgcc.a(_thenan_df.o)
 .debug_info    0x0000000000006b4f      0x76a /usr/local/ps2dev/ee/lib/gcc-lib/ee/3.2.2/libgcc.a(_df_to_usi.o)
 .debug_info    0x00000000000072b9      0x5e2 /usr/local/ps2dev/ee/lib/gcc-lib/ee/3.2.2/libgcc.a(_clz.o)
 .debug_info    0x000000000000789b      0x5f5 /usr/local/ps2dev/ee/lib/gcc-lib/ee/3.2.2/libgcc.a(_floatdidf.o)
 .debug_info    0x0000000000007e90      0x6e4 /usr/local/ps2dev/ee/lib/gcc-lib/ee/3.2.2/libgcc.a(_unpack_sf.o)
 .debug_info    0x0000000000008574      0x6ea /usr/local/ps2dev/ee/lib/gcc-lib/ee/3.2.2/libgcc.a(_make_sf.o)
 .debug_info    0x0000000000008c5e      0x791 /usr/local/ps2dev/ee/lib/gcc-lib/ee/3.2.2/libgcc.a(_pack_df.o)
 .debug_info    0x00000000000093ef      0x6ee /usr/local/ps2dev/ee/lib/gcc-lib/ee/3.2.2/libgcc.a(_unpack_df.o)
 .debug_info    0x0000000000009add      0x7f3 /usr/local/ps2dev/ee/lib/gcc-lib/ee/3.2.2/libgcc.a(_fpcmp_parts_df.o)
 .debug_info    0x000000000000a2d0      0x785 /usr/local/ps2dev/ee/lib/gcc-lib/ee/3.2.2/libgcc.a(_pack_sf.o)

.debug_line     0x0000000000000000     0x264a
 .debug_line    0x0000000000000000      0x12a /usr/local/ps2dev/ee/lib/gcc-lib/ee/3.2.2/libgcc.a(_muldi3.o)
 .debug_line    0x000000000000012a      0x198 /usr/local/ps2dev/ee/lib/gcc-lib/ee/3.2.2/libgcc.a(_floatdisf.o)
 .debug_line    0x00000000000002c2      0x15a /usr/local/ps2dev/ee/lib/gcc-lib/ee/3.2.2/libgcc.a(_fixunssfdi.o)
 .debug_line    0x000000000000041c      0x3a2 /usr/local/ps2dev/ee/lib/gcc-lib/ee/3.2.2/libgcc.a(_udivdi3.o)
 .debug_line    0x00000000000007be      0x3b2 /usr/local/ps2dev/ee/lib/gcc-lib/ee/3.2.2/libgcc.a(_umoddi3.o)
 .debug_line    0x0000000000000b70       0xae /usr/local/ps2dev/ee/lib/gcc-lib/ee/3.2.2/libgcc.a(_sf_to_df.o)
 .debug_line    0x0000000000000c1e      0x387 /usr/local/ps2dev/ee/lib/gcc-lib/ee/3.2.2/libgcc.a(_addsub_df.o)
 .debug_line    0x0000000000000fa5      0x407 /usr/local/ps2dev/ee/lib/gcc-lib/ee/3.2.2/libgcc.a(_mul_df.o)
 .debug_line    0x00000000000013ac       0xc6 /usr/local/ps2dev/ee/lib/gcc-lib/ee/3.2.2/libgcc.a(_compare_df.o)
 .debug_line    0x0000000000001472      0x110 /usr/local/ps2dev/ee/lib/gcc-lib/ee/3.2.2/libgcc.a(_si_to_df.o)
 .debug_line    0x0000000000001582      0x136 /usr/local/ps2dev/ee/lib/gcc-lib/ee/3.2.2/libgcc.a(_df_to_si.o)
 .debug_line    0x00000000000016b8       0xbe /usr/local/ps2dev/ee/lib/gcc-lib/ee/3.2.2/libgcc.a(_make_df.o)
 .debug_line    0x0000000000001776       0xee /usr/local/ps2dev/ee/lib/gcc-lib/ee/3.2.2/libgcc.a(_df_to_sf.o)
 .debug_line    0x0000000000001864       0x83 /usr/local/ps2dev/ee/lib/gcc-lib/ee/3.2.2/libgcc.a(_thenan_df.o)
 .debug_line    0x00000000000018e7      0x134 /usr/local/ps2dev/ee/lib/gcc-lib/ee/3.2.2/libgcc.a(_df_to_usi.o)
 .debug_line    0x0000000000001a1b       0xd7 /usr/local/ps2dev/ee/lib/gcc-lib/ee/3.2.2/libgcc.a(_clz.o)
 .debug_line    0x0000000000001af2      0x122 /usr/local/ps2dev/ee/lib/gcc-lib/ee/3.2.2/libgcc.a(_floatdidf.o)
 .debug_line    0x0000000000001c14      0x1a6 /usr/local/ps2dev/ee/lib/gcc-lib/ee/3.2.2/libgcc.a(_unpack_sf.o)
 .debug_line    0x0000000000001dba       0xbe /usr/local/ps2dev/ee/lib/gcc-lib/ee/3.2.2/libgcc.a(_make_sf.o)
 .debug_line    0x0000000000001e78      0x232 /usr/local/ps2dev/ee/lib/gcc-lib/ee/3.2.2/libgcc.a(_pack_df.o)
 .debug_line    0x00000000000020aa      0x19e /usr/local/ps2dev/ee/lib/gcc-lib/ee/3.2.2/libgcc.a(_unpack_df.o)
 .debug_line    0x0000000000002248      0x1b0 /usr/local/ps2dev/ee/lib/gcc-lib/ee/3.2.2/libgcc.a(_fpcmp_parts_df.o)
 .debug_line    0x00000000000023f8      0x252 /usr/local/ps2dev/ee/lib/gcc-lib/ee/3.2.2/libgcc.a(_pack_sf.o)

.debug_frame    0x0000000000000000      0x3d4
 .debug_frame   0x0000000000000000       0x20 /usr/local/ps2dev/ee/lib/gcc-lib/ee/3.2.2/libgcc.a(_muldi3.o)
 .debug_frame   0x0000000000000020       0x34 /usr/local/ps2dev/ee/lib/gcc-lib/ee/3.2.2/libgcc.a(_floatdisf.o)
 .debug_frame   0x0000000000000054       0x34 /usr/local/ps2dev/ee/lib/gcc-lib/ee/3.2.2/libgcc.a(_fixunssfdi.o)
 .debug_frame   0x0000000000000088       0x40 /usr/local/ps2dev/ee/lib/gcc-lib/ee/3.2.2/libgcc.a(_udivdi3.o)
 .debug_frame   0x00000000000000c8       0x40 /usr/local/ps2dev/ee/lib/gcc-lib/ee/3.2.2/libgcc.a(_umoddi3.o)
 .debug_frame   0x0000000000000108       0x28 /usr/local/ps2dev/ee/lib/gcc-lib/ee/3.2.2/libgcc.a(_sf_to_df.o)
 .debug_frame   0x0000000000000130       0x58 /usr/local/ps2dev/ee/lib/gcc-lib/ee/3.2.2/libgcc.a(_addsub_df.o)
 .debug_frame   0x0000000000000188       0x3c /usr/local/ps2dev/ee/lib/gcc-lib/ee/3.2.2/libgcc.a(_mul_df.o)
 .debug_frame   0x00000000000001c4       0x2c /usr/local/ps2dev/ee/lib/gcc-lib/ee/3.2.2/libgcc.a(_compare_df.o)
 .debug_frame   0x00000000000001f0       0x28 /usr/local/ps2dev/ee/lib/gcc-lib/ee/3.2.2/libgcc.a(_si_to_df.o)
 .debug_frame   0x0000000000000218       0x28 /usr/local/ps2dev/ee/lib/gcc-lib/ee/3.2.2/libgcc.a(_df_to_si.o)
 .debug_frame   0x0000000000000240       0x28 /usr/local/ps2dev/ee/lib/gcc-lib/ee/3.2.2/libgcc.a(_make_df.o)
 .debug_frame   0x0000000000000268       0x28 /usr/local/ps2dev/ee/lib/gcc-lib/ee/3.2.2/libgcc.a(_df_to_sf.o)
 .debug_frame   0x0000000000000290       0x10 /usr/local/ps2dev/ee/lib/gcc-lib/ee/3.2.2/libgcc.a(_thenan_df.o)
 .debug_frame   0x00000000000002a0       0x28 /usr/local/ps2dev/ee/lib/gcc-lib/ee/3.2.2/libgcc.a(_df_to_usi.o)
 .debug_frame   0x00000000000002c8       0x10 /usr/local/ps2dev/ee/lib/gcc-lib/ee/3.2.2/libgcc.a(_clz.o)
 .debug_frame   0x00000000000002d8       0x34 /usr/local/ps2dev/ee/lib/gcc-lib/ee/3.2.2/libgcc.a(_floatdidf.o)
 .debug_frame   0x000000000000030c       0x20 /usr/local/ps2dev/ee/lib/gcc-lib/ee/3.2.2/libgcc.a(_unpack_sf.o)
 .debug_frame   0x000000000000032c       0x28 /usr/local/ps2dev/ee/lib/gcc-lib/ee/3.2.2/libgcc.a(_make_sf.o)
 .debug_frame   0x0000000000000354       0x20 /usr/local/ps2dev/ee/lib/gcc-lib/ee/3.2.2/libgcc.a(_pack_df.o)
 .debug_frame   0x0000000000000374       0x20 /usr/local/ps2dev/ee/lib/gcc-lib/ee/3.2.2/libgcc.a(_unpack_df.o)
 .debug_frame   0x0000000000000394       0x20 /usr/local/ps2dev/ee/lib/gcc-lib/ee/3.2.2/libgcc.a(_fpcmp_parts_df.o)
 .debug_frame   0x00000000000003b4       0x20 /usr/local/ps2dev/ee/lib/gcc-lib/ee/3.2.2/libgcc.a(_pack_sf.o)

.debug_pubnames
                0x0000000000000000      0x2dd
 .debug_pubnames
                0x0000000000000000       0x1f /usr/local/ps2dev/ee/lib/gcc-lib/ee/3.2.2/libgcc.a(_muldi3.o)
 .debug_pubnames
                0x000000000000001f       0x22 /usr/local/ps2dev/ee/lib/gcc-lib/ee/3.2.2/libgcc.a(_floatdisf.o)
 .debug_pubnames
                0x0000000000000041       0x23 /usr/local/ps2dev/ee/lib/gcc-lib/ee/3.2.2/libgcc.a(_fixunssfdi.o)
 .debug_pubnames
                0x0000000000000064       0x20 /usr/local/ps2dev/ee/lib/gcc-lib/ee/3.2.2/libgcc.a(_udivdi3.o)
 .debug_pubnames